../Drivers/CMSIS/Include/core_cm4.h:2059:26:ITM_SendChar	16	static,ignoring_inline_asm
../Core/Src/main.c:112:5:_write	32	static
../Core/Src/main.c:194:5:main	8	static
../Core/Src/main.c:316:6:SystemClock_Config	96	static
../Core/Src/main.c:379:13:MX_DFSDM1_Init	8	static
../Core/Src/main.c:417:13:MX_I2C2_Init	8	static
../Core/Src/main.c:465:13:MX_QUADSPI_Init	8	static
../Core/Src/main.c:498:13:MX_RTC_Init	32	static
../Core/Src/main.c:562:13:MX_SPI3_Init	8	static
../Core/Src/main.c:602:13:MX_USART1_UART_Init	8	static
../Core/Src/main.c:637:13:MX_USART3_UART_Init	8	static
../Core/Src/main.c:672:13:MX_USB_OTG_FS_PCD_Init	8	static
../Core/Src/main.c:707:13:MX_GPIO_Init	48	static
../Core/Src/main.c:897:6:LSM6DSL_AccInt_Drdy	16	static
../Core/Src/main.c:937:6:StartDefaultTask	16	static
../Core/Src/main.c:955:12:wifi_start	40	static
../Core/Src/main.c:988:6:MQTTTask	232	static,ignoring_inline_asm
../Core/Src/main.c:1018:5:wifi_connect	24	static
../Core/Src/main.c:1066:6:HAL_GPIO_EXTI_Callback	16	static
../Core/Src/main.c:1095:1:__io_putchar	16	static
../Core/Src/main.c:1110:6:SPI3_IRQHandler	8	static
../Core/Src/main.c:1116:6:wifiStartTask	16	static
../Core/Src/main.c:1136:6:acel_task_function	40	static,ignoring_inline_asm
../Core/Src/main.c:1267:6:Error_Handler	4	static,ignoring_inline_asm
