../Drivers/CMSIS/Include/core_cm4.h:2059:26:ITM_SendChar	16	static,ignoring_inline_asm
../Core/Src/main.c:110:5:_write	32	static
../Core/Src/main.c:192:5:main	8	static
../Core/Src/main.c:313:6:SystemClock_Config	96	static
../Core/Src/main.c:376:13:MX_DFSDM1_Init	8	static
../Core/Src/main.c:414:13:MX_I2C2_Init	8	static
../Core/Src/main.c:462:13:MX_QUADSPI_Init	8	static
../Core/Src/main.c:495:13:MX_RTC_Init	32	static
../Core/Src/main.c:559:13:MX_SPI3_Init	8	static
../Core/Src/main.c:599:13:MX_USART1_UART_Init	8	static
../Core/Src/main.c:634:13:MX_USART3_UART_Init	8	static
../Core/Src/main.c:669:13:MX_USB_OTG_FS_PCD_Init	8	static
../Core/Src/main.c:704:13:MX_GPIO_Init	48	static
../Core/Src/main.c:894:6:LSM6DSL_AccInt_Drdy	16	static
../Core/Src/main.c:934:6:StartDefaultTask	16	static
../Core/Src/main.c:952:12:wifi_start	40	static
../Core/Src/main.c:985:6:MQTTTask	200	static,ignoring_inline_asm
../Core/Src/main.c:1013:5:wifi_connect	24	static
../Core/Src/main.c:1061:6:HAL_GPIO_EXTI_Callback	16	static
../Core/Src/main.c:1090:1:__io_putchar	16	static
../Core/Src/main.c:1105:6:SPI3_IRQHandler	8	static
../Core/Src/main.c:1111:6:wifiStartTask	16	static
../Core/Src/main.c:1131:6:acel_task_function	40	static,ignoring_inline_asm
../Core/Src/main.c:1262:6:Error_Handler	4	static,ignoring_inline_asm
