../Drivers/CMSIS/Include/core_cm4.h:2059:26:ITM_SendChar	16	static,ignoring_inline_asm
../Core/Src/main.c:112:5:_write	32	static
../Core/Src/main.c:200:5:main	8	static
../Core/Src/main.c:322:6:SystemClock_Config	96	static
../Core/Src/main.c:385:13:MX_DFSDM1_Init	8	static
../Core/Src/main.c:423:13:MX_I2C2_Init	8	static
../Core/Src/main.c:471:13:MX_QUADSPI_Init	8	static
../Core/Src/main.c:504:13:MX_RTC_Init	32	static
../Core/Src/main.c:568:13:MX_SPI3_Init	8	static
../Core/Src/main.c:608:13:MX_USART1_UART_Init	8	static
../Core/Src/main.c:643:13:MX_USART3_UART_Init	8	static
../Core/Src/main.c:678:13:MX_USB_OTG_FS_PCD_Init	8	static
../Core/Src/main.c:713:13:MX_GPIO_Init	48	static
../Core/Src/main.c:903:6:LSM6DSL_AccInt_Drdy	16	static
../Core/Src/main.c:935:12:wifi_start	40	static
../Core/Src/main.c:967:5:wifi_connect	24	static
../Core/Src/main.c:1015:6:HAL_GPIO_EXTI_Callback	16	static
../Core/Src/main.c:1045:6:StartDefaultTask	16	static
../Core/Src/main.c:1064:6:MQTTTask	232	static,ignoring_inline_asm
../Core/Src/main.c:1118:1:__io_putchar	16	static
../Core/Src/main.c:1133:6:SPI3_IRQHandler	8	static
../Core/Src/main.c:1139:6:wifiStartTask	16	static
../Core/Src/main.c:1159:6:acel_task_function	48	static,ignoring_inline_asm
../Core/Src/main.c:1336:6:Error_Handler	4	static,ignoring_inline_asm
