Archive member included to satisfy reference by file (symbol)

C:/ST/STM32CubeIDE_1.13.2/STM32CubeIDE/plugins/com.st.stm32cube.ide.mcu.externaltools.gnu-tools-for-stm32.11.3.rel1.win32_1.1.1.202309131626/tools/bin/../lib/gcc/arm-none-eabi/11.3.1/../../../../arm-none-eabi/lib/thumb/v7e-m+fp/hard\libc_nano.a(libc_a-assert.o)
                              ./Libraries/coreMQTT/source/core_mqtt.o (__assert_func)
C:/ST/STM32CubeIDE_1.13.2/STM32CubeIDE/plugins/com.st.stm32cube.ide.mcu.externaltools.gnu-tools-for-stm32.11.3.rel1.win32_1.1.1.202309131626/tools/bin/../lib/gcc/arm-none-eabi/11.3.1/../../../../arm-none-eabi/lib/thumb/v7e-m+fp/hard\libc_nano.a(libc_a-exit.o)
                              C:/ST/STM32CubeIDE_1.13.2/STM32CubeIDE/plugins/com.st.stm32cube.ide.mcu.externaltools.gnu-tools-for-stm32.11.3.rel1.win32_1.1.1.202309131626/tools/bin/../lib/gcc/arm-none-eabi/11.3.1/../../../../arm-none-eabi/lib/thumb/v7e-m+fp/hard/crt0.o (exit)
C:/ST/STM32CubeIDE_1.13.2/STM32CubeIDE/plugins/com.st.stm32cube.ide.mcu.externaltools.gnu-tools-for-stm32.11.3.rel1.win32_1.1.1.202309131626/tools/bin/../lib/gcc/arm-none-eabi/11.3.1/../../../../arm-none-eabi/lib/thumb/v7e-m+fp/hard\libc_nano.a(libc_a-nano-vfprintf_float.o)
                              (_printf_float)
C:/ST/STM32CubeIDE_1.13.2/STM32CubeIDE/plugins/com.st.stm32cube.ide.mcu.externaltools.gnu-tools-for-stm32.11.3.rel1.win32_1.1.1.202309131626/tools/bin/../lib/gcc/arm-none-eabi/11.3.1/../../../../arm-none-eabi/lib/thumb/v7e-m+fp/hard\libc_nano.a(libc_a-nano-vfprintf_i.o)
                              C:/ST/STM32CubeIDE_1.13.2/STM32CubeIDE/plugins/com.st.stm32cube.ide.mcu.externaltools.gnu-tools-for-stm32.11.3.rel1.win32_1.1.1.202309131626/tools/bin/../lib/gcc/arm-none-eabi/11.3.1/../../../../arm-none-eabi/lib/thumb/v7e-m+fp/hard\libc_nano.a(libc_a-nano-vfprintf_float.o) (_printf_common)
C:/ST/STM32CubeIDE_1.13.2/STM32CubeIDE/plugins/com.st.stm32cube.ide.mcu.externaltools.gnu-tools-for-stm32.11.3.rel1.win32_1.1.1.202309131626/tools/bin/../lib/gcc/arm-none-eabi/11.3.1/../../../../arm-none-eabi/lib/thumb/v7e-m+fp/hard\libc_nano.a(libc_a-nano-vfscanf_float.o)
                              (_scanf_float)
C:/ST/STM32CubeIDE_1.13.2/STM32CubeIDE/plugins/com.st.stm32cube.ide.mcu.externaltools.gnu-tools-for-stm32.11.3.rel1.win32_1.1.1.202309131626/tools/bin/../lib/gcc/arm-none-eabi/11.3.1/../../../../arm-none-eabi/lib/thumb/v7e-m+fp/hard\libc_nano.a(libc_a-findfp.o)
                              C:/ST/STM32CubeIDE_1.13.2/STM32CubeIDE/plugins/com.st.stm32cube.ide.mcu.externaltools.gnu-tools-for-stm32.11.3.rel1.win32_1.1.1.202309131626/tools/bin/../lib/gcc/arm-none-eabi/11.3.1/../../../../arm-none-eabi/lib/thumb/v7e-m+fp/hard\libc_nano.a(libc_a-exit.o) (__stdio_exit_handler)
C:/ST/STM32CubeIDE_1.13.2/STM32CubeIDE/plugins/com.st.stm32cube.ide.mcu.externaltools.gnu-tools-for-stm32.11.3.rel1.win32_1.1.1.202309131626/tools/bin/../lib/gcc/arm-none-eabi/11.3.1/../../../../arm-none-eabi/lib/thumb/v7e-m+fp/hard\libc_nano.a(libc_a-fprintf.o)
                              C:/ST/STM32CubeIDE_1.13.2/STM32CubeIDE/plugins/com.st.stm32cube.ide.mcu.externaltools.gnu-tools-for-stm32.11.3.rel1.win32_1.1.1.202309131626/tools/bin/../lib/gcc/arm-none-eabi/11.3.1/../../../../arm-none-eabi/lib/thumb/v7e-m+fp/hard\libc_nano.a(libc_a-assert.o) (fiprintf)
C:/ST/STM32CubeIDE_1.13.2/STM32CubeIDE/plugins/com.st.stm32cube.ide.mcu.externaltools.gnu-tools-for-stm32.11.3.rel1.win32_1.1.1.202309131626/tools/bin/../lib/gcc/arm-none-eabi/11.3.1/../../../../arm-none-eabi/lib/thumb/v7e-m+fp/hard\libc_nano.a(libc_a-fwalk.o)
                              C:/ST/STM32CubeIDE_1.13.2/STM32CubeIDE/plugins/com.st.stm32cube.ide.mcu.externaltools.gnu-tools-for-stm32.11.3.rel1.win32_1.1.1.202309131626/tools/bin/../lib/gcc/arm-none-eabi/11.3.1/../../../../arm-none-eabi/lib/thumb/v7e-m+fp/hard\libc_nano.a(libc_a-findfp.o) (_fwalk_sglue)
C:/ST/STM32CubeIDE_1.13.2/STM32CubeIDE/plugins/com.st.stm32cube.ide.mcu.externaltools.gnu-tools-for-stm32.11.3.rel1.win32_1.1.1.202309131626/tools/bin/../lib/gcc/arm-none-eabi/11.3.1/../../../../arm-none-eabi/lib/thumb/v7e-m+fp/hard\libc_nano.a(libc_a-printf.o)
                              ./Core/Src/main.o (printf)
C:/ST/STM32CubeIDE_1.13.2/STM32CubeIDE/plugins/com.st.stm32cube.ide.mcu.externaltools.gnu-tools-for-stm32.11.3.rel1.win32_1.1.1.202309131626/tools/bin/../lib/gcc/arm-none-eabi/11.3.1/../../../../arm-none-eabi/lib/thumb/v7e-m+fp/hard\libc_nano.a(libc_a-putchar.o)
                              ./Libraries/coreMQTT/source/interface/transport_interface.o (putchar)
C:/ST/STM32CubeIDE_1.13.2/STM32CubeIDE/plugins/com.st.stm32cube.ide.mcu.externaltools.gnu-tools-for-stm32.11.3.rel1.win32_1.1.1.202309131626/tools/bin/../lib/gcc/arm-none-eabi/11.3.1/../../../../arm-none-eabi/lib/thumb/v7e-m+fp/hard\libc_nano.a(libc_a-puts.o)
                              ./Core/Src/mqtt_priv.o (puts)
[...]
Memory Configuration

Name             Origin             Length             Attributes
RAM              0x0000000020000000 0x0000000000018000 xrw
RAM2             0x0000000010000000 0x0000000000008000 xrw
FLASH            0x0000000008000000 0x0000000000100000 xr
*default*        0x0000000000000000 0xffffffffffffffff

Linker script and memory map

LOAD C:/ST/STM32CubeIDE_1.13.2/STM32CubeIDE/plugins/com.st.stm32cube.ide.mcu.externaltools.gnu-tools-for-stm32.11.3.rel1.win32_1.1.1.202309131626/tools/bin/../lib/gcc/arm-none-eabi/11.3.1/thumb/v7e-m+fp/hard/crti.o
LOAD C:/ST/STM32CubeIDE_1.13.2/STM32CubeIDE/plugins/com.st.stm32cube.ide.mcu.externaltools.gnu-tools-for-stm32.11.3.rel1.win32_1.1.1.202309131626/tools/bin/../lib/gcc/arm-none-eabi/11.3.1/thumb/v7e-m+fp/hard/crtbegin.o
LOAD C:/ST/STM32CubeIDE_1.13.2/STM32CubeIDE/plugins/com.st.stm32cube.ide.mcu.externaltools.gnu-tools-for-stm32.11.3.rel1.win32_1.1.1.202309131626/tools/bin/../lib/gcc/arm-none-eabi/11.3.1/../../../../arm-none-eabi/lib/thumb/v7e-m+fp/hard/crt0.o
LOAD ./Core/Src/freertos.o
LOAD ./Core/Src/main.o
LOAD ./Core/Src/mqtt_priv.o
LOAD ./Core/Src/stm32l4xx_hal_msp.o
LOAD ./Core/Src/stm32l4xx_it.o
LOAD ./Core/Src/syscalls.o
LOAD ./Core/Src/sysmem.o
LOAD ./Core/Src/system_stm32l4xx.o
LOAD ./Core/Startup/startup_stm32l475vgtx.o
LOAD ./Drivers/STM32L4xx_HAL_Driver/Src/stm32l4xx_hal.o
LOAD ./Drivers/STM32L4xx_HAL_Driver/Src/stm32l4xx_hal_cortex.o
LOAD ./Drivers/STM32L4xx_HAL_Driver/Src/stm32l4xx_hal_dfsdm.o
LOAD ./Drivers/STM32L4xx_HAL_Driver/Src/stm32l4xx_hal_dma.o
LOAD ./Drivers/STM32L4xx_HAL_Driver/Src/stm32l4xx_hal_dma_ex.o
LOAD ./Drivers/STM32L4xx_HAL_Driver/Src/stm32l4xx_hal_exti.o
LOAD ./Drivers/STM32L4xx_HAL_Driver/Src/stm32l4xx_hal_flash.o
LOAD ./Drivers/STM32L4xx_HAL_Driver/Src/stm32l4xx_hal_flash_ex.o
LOAD ./Drivers/STM32L4xx_HAL_Driver/Src/stm32l4xx_hal_flash_ramfunc.o
LOAD ./Drivers/STM32L4xx_HAL_Driver/Src/stm32l4xx_hal_gpio.o
LOAD ./Drivers/STM32L4xx_HAL_Driver/Src/stm32l4xx_hal_i2c.o
LOAD ./Drivers/STM32L4xx_HAL_Driver/Src/stm32l4xx_hal_i2c_ex.o
LOAD ./Drivers/STM32L4xx_HAL_Driver/Src/stm32l4xx_hal_pcd.o
LOAD ./Drivers/STM32L4xx_HAL_Driver/Src/stm32l4xx_hal_pcd_ex.o
LOAD ./Drivers/STM32L4xx_HAL_Driver/Src/stm32l4xx_hal_pwr.o
LOAD ./Drivers/STM32L4xx_HAL_Driver/Src/stm32l4xx_hal_pwr_ex.o
LOAD ./Drivers/STM32L4xx_HAL_Driver/Src/stm32l4xx_hal_qspi.o
LOAD ./Drivers/STM32L4xx_HAL_Driver/Src/stm32l4xx_hal_rcc.o
LOAD ./Drivers/STM32L4xx_HAL_Driver/Src/stm32l4xx_hal_rcc_ex.o
LOAD ./Drivers/STM32L4xx_HAL_Driver/Src/stm32l4xx_hal_spi.o
LOAD ./Drivers/STM32L4xx_HAL_Driver/Src/stm32l4xx_hal_spi_ex.o
LOAD ./Drivers/STM32L4xx_HAL_Driver/Src/stm32l4xx_hal_tim.o
LOAD ./Drivers/STM32L4xx_HAL_Driver/Src/stm32l4xx_hal_tim_ex.o
LOAD ./Drivers/STM32L4xx_HAL_Driver/Src/stm32l4xx_hal_uart.o
LOAD ./Drivers/STM32L4xx_HAL_Driver/Src/stm32l4xx_hal_uart_ex.o
LOAD ./Drivers/STM32L4xx_HAL_Driver/Src/stm32l4xx_ll_usb.o
LOAD ./L4_IOT_Sensors/Drivers/BSP/B-L475E-IOT01/stm32l475e_iot01.o
LOAD ./L4_IOT_Sensors/Drivers/BSP/B-L475E-IOT01/stm32l475e_iot01_tsensor.o
LOAD ./L4_IOT_Sensors/Drivers/BSP/Components/hts221/hts221.o
LOAD ./Libraries/WIFI/es_wifi.o
LOAD ./Libraries/WIFI/es_wifi_io.o
LOAD ./Libraries/WIFI/wifi.o
LOAD ./Libraries/coreMQTT/source/core_mqtt.o
LOAD ./Libraries/coreMQTT/source/core_mqtt_serializer.o
LOAD ./Libraries/coreMQTT/source/core_mqtt_state.o
LOAD ./Libraries/coreMQTT/source/interface/transport_interface.o
LOAD ./Middlewares/Third_Party/FreeRTOS/Source/CMSIS_RTOS_V2/cmsis_os2.o
LOAD ./Middlewares/Third_Party/FreeRTOS/Source/croutine.o
LOAD ./Middlewares/Third_Party/FreeRTOS/Source/event_groups.o
LOAD ./Middlewares/Third_Party/FreeRTOS/Source/list.o
LOAD ./Middlewares/Third_Party/FreeRTOS/Source/queue.o
LOAD ./Middlewares/Third_Party/FreeRTOS/Source/stream_buffer.o
LOAD ./Middlewares/Third_Party/FreeRTOS/Source/tasks.o
LOAD ./Middlewares/Third_Party/FreeRTOS/Source/timers.o
LOAD ./Middlewares/Third_Party/FreeRTOS/Source/portable/GCC/ARM_CM4F/port.o
LOAD ./Middlewares/Third_Party/FreeRTOS/Source/portable/MemMang/heap_4.o
START GROUP
LOAD C:/ST/STM32CubeIDE_1.13.2/STM32CubeIDE/plugins/com.st.stm32cube.ide.mcu.externaltools.gnu-tools-for-stm32.11.3.rel1.win32_1.1.1.202309131626/tools/bin/../lib/gcc/arm-none-eabi/11.3.1/../../../../arm-none-eabi/lib/thumb/v7e-m+fp/hard\libc_nano.a
LOAD C:/ST/STM32CubeIDE_1.13.2/STM32CubeIDE/plugins/com.st.stm32cube.ide.mcu.externaltools.gnu-tools-for-stm32.11.3.rel1.win32_1.1.1.202309131626/tools/bin/../lib/gcc/arm-none-eabi/11.3.1/../../../../arm-none-eabi/lib/thumb/v7e-m+fp/hard\libm.a
END GROUP
START GROUP
LOAD C:/ST/STM32CubeIDE_1.13.2/STM32CubeIDE/plugins/com.st.stm32cube.ide.mcu.externaltools.gnu-tools-for-stm32.11.3.rel1.win32_1.1.1.202309131626/tools/bin/../lib/gcc/arm-none-eabi/11.3.1/thumb/v7e-m+fp/hard\libgcc.a
LOAD C:/ST/STM32CubeIDE_1.13.2/STM32CubeIDE/plugins/com.st.stm32cube.ide.mcu.externaltools.gnu-tools-for-stm32.11.3.rel1.win32_1.1.1.202309131626/tools/bin/../lib/gcc/arm-none-eabi/11.3.1/../../../../arm-none-eabi/lib/thumb/v7e-m+fp/hard\libc_nano.a
END GROUP
START GROUP
LOAD C:/ST/STM32CubeIDE_1.13.2/STM32CubeIDE/plugins/com.st.stm32cube.ide.mcu.externaltools.gnu-tools-for-stm32.11.3.rel1.win32_1.1.1.202309131626/tools/bin/../lib/gcc/arm-none-eabi/11.3.1/thumb/v7e-m+fp/hard\libgcc.a
LOAD C:/ST/STM32CubeIDE_1.13.2/STM32CubeIDE/plugins/com.st.stm32cube.ide.mcu.externaltools.gnu-tools-for-stm32.11.3.rel1.win32_1.1.1.202309131626/tools/bin/../lib/gcc/arm-none-eabi/11.3.1/../../../../arm-none-eabi/lib/thumb/v7e-m+fp/hard\libc_nano.a
LOAD C:/ST/STM32CubeIDE_1.13.2/STM32CubeIDE/plugins/com.st.stm32cube.ide.mcu.externaltools.gnu-tools-for-stm32.11.3.rel1.win32_1.1.1.202309131626/tools/bin/../lib/gcc/arm-none-eabi/11.3.1/../../../../arm-none-eabi/lib/thumb/v7e-m+fp/hard\libnosys.a
END GROUP
START GROUP
LOAD C:/ST/STM32CubeIDE_1.13.2/STM32CubeIDE/plugins/com.st.stm32cube.ide.mcu.externaltools.gnu-tools-for-stm32.11.3.rel1.win32_1.1.1.202309131626/tools/bin/../lib/gcc/arm-none-eabi/11.3.1/thumb/v7e-m+fp/hard\libgcc.a
LOAD C:/ST/STM32CubeIDE_1.13.2/STM32CubeIDE/plugins/com.st.stm32cube.ide.mcu.externaltools.gnu-tools-for-stm32.11.3.rel1.win32_1.1.1.202309131626/tools/bin/../lib/gcc/arm-none-eabi/11.3.1/../../../../arm-none-eabi/lib/thumb/v7e-m+fp/hard\libc_nano.a
LOAD C:/ST/STM32CubeIDE_1.13.2/STM32CubeIDE/plugins/com.st.stm32cube.ide.mcu.externaltools.gnu-tools-for-stm32.11.3.rel1.win32_1.1.1.202309131626/tools/bin/../lib/gcc/arm-none-eabi/11.3.1/../../../../arm-none-eabi/lib/thumb/v7e-m+fp/hard\libnosys.a
END GROUP
LOAD C:/ST/STM32CubeIDE_1.13.2/STM32CubeIDE/plugins/com.st.stm32cube.ide.mcu.externaltools.gnu-tools-for-stm32.11.3.rel1.win32_1.1.1.202309131626/tools/bin/../lib/gcc/arm-none-eabi/11.3.1/thumb/v7e-m+fp/hard/crtend.o
LOAD C:/ST/STM32CubeIDE_1.13.2/STM32CubeIDE/plugins/com.st.stm32cube.ide.mcu.externaltools.gnu-tools-for-stm32.11.3.rel1.win32_1.1.1.202309131626/tools/bin/../lib/gcc/arm-none-eabi/11.3.1/thumb/v7e-m+fp/hard/crtn.o
                0x0000000020018000                _estack = (ORIGIN (RAM) + LENGTH (RAM))
                0x0000000000000200                _Min_Heap_Size = 0x200
                0x0000000000000400                _Min_Stack_Size = 0x400

.isr_vector     0x0000000008000000      0x188
                0x0000000008000000                . = ALIGN (0x4)
 *(.isr_vector)
 .isr_vector    0x0000000008000000      0x188 ./Core/Startup/startup_stm32l475vgtx.o
                0x0000000008000000                g_pfnVectors
                0x0000000008000188                . = ALIGN (0x4)

.text           0x0000000008000190    0x13b08
                0x0000000008000190                . = ALIGN (0x4)
 *(.text)
 .text          0x0000000008000190       0x40 C:/ST/STM32CubeIDE_1.13.2/STM32CubeIDE/plugins/com.st.stm32cube.ide.mcu.externaltools.gnu-tools-for-stm32.11.3.rel1.win32_1.1.1.202309131626/tools/bin/../lib/gcc/arm-none-eabi/11.3.1/thumb/v7e-m+fp/hard/crtbegin.o
 .text          0x00000000080001d0       0xa0 C:/ST/STM32CubeIDE_1.13.2/STM32CubeIDE/plugins/com.st.stm32cube.ide.mcu.externaltools.gnu-tools-for-stm32.11.3.rel1.win32_1.1.1.202309131626/tools/bin/../lib/gcc/arm-none-eabi/11.3.1/../../../../arm-none-eabi/lib/thumb/v7e-m+fp/hard\libc_nano.a(libc_a-memchr.o)
                0x00000000080001d0                memchr
 .text          0x0000000008000270       0x10 C:/ST/STM32CubeIDE_1.13.2/STM32CubeIDE/plugins/com.st.stm32cube.ide.mcu.externaltools.gnu-tools-for-stm32.11.3.rel1.win32_1.1.1.202309131626/tools/bin/../lib/gcc/arm-none-eabi/11.3.1/../../../../arm-none-eabi/lib/thumb/v7e-m+fp/hard\libc_nano.a(libc_a-strlen.o)
                0x0000000008000270                strlen
 .text          0x0000000008000280      0x378 C:/ST/STM32CubeIDE_1.13.2/STM32CubeIDE/plugins/com.st.stm32cube.ide.mcu.externaltools.gnu-tools-for-stm32.11.3.rel1.win32_1.1.1.202309131626/tools/bin/../lib/gcc/arm-none-eabi/11.3.1/thumb/v7e-m+fp/hard\libgcc.a(_arm_addsubdf3.o)
                0x0000000008000280                __aeabi_drsub
                0x0000000008000288                __aeabi_dsub
                0x0000000008000288                __subdf3
                0x000000000800028c                __aeabi_dadd
                0x000000000800028c                __adddf3
                0x0000000008000504                __floatunsidf
                0x0000000008000504                __aeabi_ui2d
                0x0000000008000524                __floatsidf
                0x0000000008000524                __aeabi_i2d
                0x0000000008000548                __aeabi_f2d
                0x0000000008000548                __extendsfdf2
                0x000000000800058c                __floatundidf
                0x000000000800058c                __aeabi_ul2d
                0x000000000800059c                __floatdidf
                0x000000000800059c                __aeabi_l2d
 .text          0x00000000080005f8      0x424 C:/ST/STM32CubeIDE_1.13.2/STM32CubeIDE/plugins/com.st.stm32cube.ide.mcu.externaltools.gnu-tools-for-stm32.11.3.rel1.win32_1.1.1.202309131626/tools/bin/../lib/gcc/arm-none-eabi/11.3.1/thumb/v7e-m+fp/hard\libgcc.a(_arm_muldivdf3.o)
                0x00000000080005f8                __aeabi_dmul
                0x00000000080005f8                __muldf3
                0x000000000800084c                __divdf3
                0x000000000800084c                __aeabi_ddiv
 .text          0x0000000008000a1c      0x110 C:/ST/STM32CubeIDE_1.13.2/STM32CubeIDE/plugins/com.st.stm32cube.ide.mcu.externaltools.gnu-tools-for-stm32.11.3.rel1.win32_1.1.1.202309131626/tools/bin/../lib/gcc/arm-none-eabi/11.3.1/thumb/v7e-m+fp/hard\libgcc.a(_arm_cmpdf2.o)
                0x0000000008000a1c                __gtdf2
                0x0000000008000a1c                __gedf2
                0x0000000008000a24                __ltdf2
                0x0000000008000a24                __ledf2
                0x0000000008000a2c                __nedf2
                0x0000000008000a2c                __eqdf2
                0x0000000008000a2c                __cmpdf2
                0x0000000008000aa8                __aeabi_cdrcmple
                0x0000000008000ab8                __aeabi_cdcmpeq
                0x0000000008000ab8                __aeabi_cdcmple
                0x0000000008000ac8                __aeabi_dcmpeq
                0x0000000008000adc                __aeabi_dcmplt
                0x0000000008000af0                __aeabi_dcmple
                0x0000000008000b04                __aeabi_dcmpge
                0x0000000008000b18                __aeabi_dcmpgt
 .text          0x0000000008000b2c       0x2c C:/ST/STM32CubeIDE_1.13.2/STM32CubeIDE/plugins/com.st.stm32cube.ide.mcu.externaltools.gnu-tools-for-stm32.11.3.rel1.win32_1.1.1.202309131626/tools/bin/../lib/gcc/arm-none-eabi/11.3.1/thumb/v7e-m+fp/hard\libgcc.a(_arm_unorddf2.o)
                0x0000000008000b2c                __unorddf2
                0x0000000008000b2c                __aeabi_dcmpun
 .text          0x0000000008000b58       0x50 C:/ST/STM32CubeIDE_1.13.2/STM32CubeIDE/plugins/com.st.stm32cube.ide.mcu.externaltools.gnu-tools-for-stm32.11.3.rel1.win32_1.1.1.202309131626/tools/bin/../lib/gcc/arm-none-eabi/11.3.1/thumb/v7e-m+fp/hard\libgcc.a(_arm_fixdfsi.o)
                0x0000000008000b58                __aeabi_d2iz
                0x0000000008000b58                __fixdfsi
 .text          0x0000000008000ba8       0x40 C:/ST/STM32CubeIDE_1.13.2/STM32CubeIDE/plugins/com.st.stm32cube.ide.mcu.externaltools.gnu-tools-for-stm32.11.3.rel1.win32_1.1.1.202309131626/tools/bin/../lib/gcc/arm-none-eabi/11.3.1/thumb/v7e-m+fp/hard\libgcc.a(_arm_fixunsdfsi.o)
                0x0000000008000ba8                __aeabi_d2uiz
                0x0000000008000ba8                __fixunsdfsi
 .text          0x0000000008000be8       0xa0 C:/ST/STM32CubeIDE_1.13.2/STM32CubeIDE/plugins/com.st.stm32cube.ide.mcu.externaltools.gnu-tools-for-stm32.11.3.rel1.win32_1.1.1.202309131626/tools/bin/../lib/gcc/arm-none-eabi/11.3.1/thumb/v7e-m+fp/hard\libgcc.a(_arm_truncdfsf2.o)
                0x0000000008000be8                __truncdfsf2
                0x0000000008000be8                __aeabi_d2f
 .text          0x0000000008000c88       0x30 C:/ST/STM32CubeIDE_1.13.2/STM32CubeIDE/plugins/com.st.stm32cube.ide.mcu.externaltools.gnu-tools-for-stm32.11.3.rel1.win32_1.1.1.202309131626/tools/bin/../lib/gcc/arm-none-eabi/11.3.1/thumb/v7e-m+fp/hard\libgcc.a(_aeabi_uldivmod.o)
                0x0000000008000c88                __aeabi_uldivmod
 .text          0x0000000008000cb8       0x30 C:/ST/STM32CubeIDE_1.13.2/STM32CubeIDE/plugins/com.st.stm32cube.ide.mcu.externaltools.gnu-tools-for-stm32.11.3.rel1.win32_1.1.1.202309131626/tools/bin/../lib/gcc/arm-none-eabi/11.3.1/thumb/v7e-m+fp/hard\libgcc.a(_fixdfdi.o)
                0x0000000008000cb8                __fixdfdi
                0x0000000008000cb8                __aeabi_d2lz
 .text          0x0000000008000ce8       0x3c C:/ST/STM32CubeIDE_1.13.2/STM32CubeIDE/plugins/com.st.stm32cube.ide.mcu.externaltools.gnu-tools-for-stm32.11.3.rel1.win32_1.1.1.202309131626/tools/bin/../lib/gcc/arm-none-eabi/11.3.1/thumb/v7e-m+fp/hard\libgcc.a(_fixunsdfdi.o)
                0x0000000008000ce8                __fixunsdfdi
                0x0000000008000ce8                __aeabi_d2ulz
 .text          0x0000000008000d24      0x2c8 C:/ST/STM32CubeIDE_1.13.2/STM32CubeIDE/plugins/com.st.stm32cube.ide.mcu.externaltools.gnu-tools-for-stm32.11.3.rel1.win32_1.1.1.202309131626/tools/bin/../lib/gcc/arm-none-eabi/11.3.1/thumb/v7e-m+fp/hard\libgcc.a(_udivmoddi4.o)
                0x0000000008000d24                __udivmoddi4
 .text          0x0000000008000fec        0x4 C:/ST/STM32CubeIDE_1.13.2/STM32CubeIDE/plugins/com.st.stm32cube.ide.mcu.externaltools.gnu-tools-for-stm32.11.3.rel1.win32_1.1.1.202309131626/tools/bin/../lib/gcc/arm-none-eabi/11.3.1/thumb/v7e-m+fp/hard\libgcc.a(_dvmd_tls.o)
                0x0000000008000fec                __aeabi_idiv0
                0x0000000008000fec                __aeabi_ldiv0
 *(.text*)
 .text.ITM_SendChar
                0x0000000008000ff0       0x4e ./Core/Src/main.o
 .text._write   0x000000000800103e       0x38 ./Core/Src/main.o
                0x000000000800103e                _write
 *fill*         0x0000000008001076        0x2 
 .text.main     0x0000000008001078       0xcc ./Core/Src/main.o
                0x0000000008001078                main
 .text.SystemClock_Config
                0x0000000008001144       0xc4 ./Core/Src/main.o
                0x0000000008001144                SystemClock_Config
 .text.MX_DFSDM1_Init
                0x0000000008001208       0x70 ./Core/Src/main.o
 .text.MX_I2C2_Init
                0x0000000008001278       0x7c ./Core/Src/main.o
 .text.MX_QUADSPI_Init
                0x00000000080012f4       0x4c ./Core/Src/main.o
 .text.MX_SPI3_Init
                0x0000000008001340       0x7c ./Core/Src/main.o
 .text.MX_USART1_UART_Init
                0x00000000080013bc       0x60 ./Core/Src/main.o
 .text.MX_USART3_UART_Init
                0x000000000800141c       0x60 ./Core/Src/main.o
 .text.MX_USB_OTG_FS_PCD_Init
                0x000000000800147c       0x5c ./Core/Src/main.o
 .text.MX_GPIO_Init
                0x00000000080014d8      0x374 ./Core/Src/main.o
 .text.StartDefaultTask
                0x000000000800184c       0x10 ./Core/Src/main.o
                0x000000000800184c                StartDefaultTask
 .text.wifi_start
                0x000000000800185c       0x7c ./Core/Src/main.o
 .text.MQTTTask
                0x00000000080018d8       0x8c ./Core/Src/main.o
                0x00000000080018d8                MQTTTask
 .text.wifi_connect
                0x0000000008001964       0xcc ./Core/Src/main.o
 .text.HAL_GPIO_EXTI_Callback
                0x0000000008001a30       0x20 ./Core/Src/main.o
                0x0000000008001a30                HAL_GPIO_EXTI_Callback
 .text.SPI3_IRQHandler
                0x0000000008001a50       0x14 ./Core/Src/main.o
                0x0000000008001a50                SPI3_IRQHandler
 .text.wifiStartTask
                0x0000000008001a64       0x18 ./Core/Src/main.o
                0x0000000008001a64                wifiStartTask
 .text.Error_Handler
                0x0000000008001a7c        0xa ./Core/Src/main.o
                0x0000000008001a7c                Error_Handler
 *fill*         0x0000000008001a86        0x2 
 .text.prvConnectToServer
                0x0000000008001a88       0x94 ./Core/Src/mqtt_priv.o
                0x0000000008001a88                prvConnectToServer
 .text.prvCreateMQTTConnectionWithBroker
                0x0000000008001b1c       0xf4 ./Core/Src/mqtt_priv.o
                0x0000000008001b1c                prvCreateMQTTConnectionWithBroker
 .text.prvMQTTPublishToTopic
                0x0000000008001c10       0x74 ./Core/Src/mqtt_priv.o
                0x0000000008001c10                prvMQTTPublishToTopic
 .text.prvMQTTProcessIncomingPublish
                0x0000000008001c84       0xe8 ./Core/Src/mqtt_priv.o
                0x0000000008001c84                prvMQTTProcessIncomingPublish
 .text.prvGetTimeMs
                0x0000000008001d6c       0x30 ./Core/Src/mqtt_priv.o
                0x0000000008001d6c                prvGetTimeMs
 .text.prvEventCallback
                0x0000000008001d9c       0x2a ./Core/Src/mqtt_priv.o
                0x0000000008001d9c                prvEventCallback
 *fill*         0x0000000008001dc6        0x2 
 .text.HAL_MspInit
                0x0000000008001dc8       0x50 ./Core/Src/stm32l4xx_hal_msp.o
                0x0000000008001dc8                HAL_MspInit
 .text.HAL_DFSDM_ChannelMspInit
                0x0000000008001e18       0xc8 ./Core/Src/stm32l4xx_hal_msp.o
                0x0000000008001e18                HAL_DFSDM_ChannelMspInit
 .text.HAL_I2C_MspInit
                0x0000000008001ee0       0xbc ./Core/Src/stm32l4xx_hal_msp.o
                0x0000000008001ee0                HAL_I2C_MspInit
 .text.HAL_I2C_MspDeInit
                0x0000000008001f9c       0x48 ./Core/Src/stm32l4xx_hal_msp.o
                0x0000000008001f9c                HAL_I2C_MspDeInit
 .text.HAL_QSPI_MspInit
                0x0000000008001fe4       0x88 ./Core/Src/stm32l4xx_hal_msp.o
                0x0000000008001fe4                HAL_QSPI_MspInit
 .text.HAL_SPI_MspInit
                0x000000000800206c       0x98 ./Core/Src/stm32l4xx_hal_msp.o
                0x000000000800206c                HAL_SPI_MspInit
 .text.HAL_SPI_MspDeInit
                0x0000000008002104       0x44 ./Core/Src/stm32l4xx_hal_msp.o
                0x0000000008002104                HAL_SPI_MspDeInit
 .text.HAL_UART_MspInit
                0x0000000008002148      0x148 ./Core/Src/stm32l4xx_hal_msp.o
                0x0000000008002148                HAL_UART_MspInit
 .text.HAL_PCD_MspInit
                0x0000000008002290      0x138 ./Core/Src/stm32l4xx_hal_msp.o
                0x0000000008002290                HAL_PCD_MspInit
 .text.NMI_Handler
                0x00000000080023c8        0x6 ./Core/Src/stm32l4xx_it.o
                0x00000000080023c8                NMI_Handler
 .text.HardFault_Handler
                0x00000000080023ce        0x6 ./Core/Src/stm32l4xx_it.o
                0x00000000080023ce                HardFault_Handler
 .text.MemManage_Handler
                0x00000000080023d4        0x6 ./Core/Src/stm32l4xx_it.o
                0x00000000080023d4                MemManage_Handler
 .text.BusFault_Handler
                0x00000000080023da        0x6 ./Core/Src/stm32l4xx_it.o
                0x00000000080023da                BusFault_Handler
 .text.UsageFault_Handler
                0x00000000080023e0        0x6 ./Core/Src/stm32l4xx_it.o
                0x00000000080023e0                UsageFault_Handler
 .text.DebugMon_Handler
                0x00000000080023e6        0xe ./Core/Src/stm32l4xx_it.o
                0x00000000080023e6                DebugMon_Handler
 .text.SysTick_Handler
                0x00000000080023f4       0x1a ./Core/Src/stm32l4xx_it.o
                0x00000000080023f4                SysTick_Handler
 .text.EXTI1_IRQHandler
                0x000000000800240e        0xe ./Core/Src/stm32l4xx_it.o
                0x000000000800240e                EXTI1_IRQHandler
 .text.EXTI9_5_IRQHandler
                0x000000000800241c       0x22 ./Core/Src/stm32l4xx_it.o
                0x000000000800241c                EXTI9_5_IRQHandler
 .text.EXTI15_10_IRQHandler
                0x000000000800243e       0x30 ./Core/Src/stm32l4xx_it.o
                0x000000000800243e                EXTI15_10_IRQHandler
 .text._getpid  0x000000000800246e       0x10 ./Core/Src/syscalls.o
                0x000000000800246e                _getpid
 .text._kill    0x000000000800247e       0x20 ./Core/Src/syscalls.o
                0x000000000800247e                _kill
 .text._exit    0x000000000800249e       0x14 ./Core/Src/syscalls.o
                0x000000000800249e                _exit
 .text._read    0x00000000080024b2       0x3a ./Core/Src/syscalls.o
                0x00000000080024b2                _read
 .text._close   0x00000000080024ec       0x18 ./Core/Src/syscalls.o
                0x00000000080024ec                _close
 .text._fstat   0x0000000008002504       0x20 ./Core/Src/syscalls.o
                0x0000000008002504                _fstat
 .text._isatty  0x0000000008002524       0x16 ./Core/Src/syscalls.o
                0x0000000008002524                _isatty
 .text._lseek   0x000000000800253a       0x1a ./Core/Src/syscalls.o
                0x000000000800253a                _lseek
 .text._sbrk    0x0000000008002554       0x6c ./Core/Src/sysmem.o
                0x0000000008002554                _sbrk
 .text.SystemInit
                0x00000000080025c0       0x24 ./Core/Src/system_stm32l4xx.o
                0x00000000080025c0                SystemInit
 .text.Reset_Handler
                0x00000000080025e4       0x50 ./Core/Startup/startup_stm32l475vgtx.o
                0x00000000080025e4                Reset_Handler
 .text.Default_Handler
                0x0000000008002634        0x2 ./Core/Startup/startup_stm32l475vgtx.o
                0x0000000008002634                RTC_Alarm_IRQHandler
                0x0000000008002634                EXTI2_IRQHandler
                0x0000000008002634                TIM8_TRG_COM_IRQHandler
                0x0000000008002634                TIM8_CC_IRQHandler
                0x0000000008002634                TIM1_CC_IRQHandler
                0x0000000008002634                TSC_IRQHandler
                0x0000000008002634                TAMP_STAMP_IRQHandler
                0x0000000008002634                EXTI3_IRQHandler
                0x0000000008002634                LPTIM2_IRQHandler
                0x0000000008002634                DFSDM1_FLT1_IRQHandler
                0x0000000008002634                I2C3_ER_IRQHandler
                0x0000000008002634                DFSDM1_FLT2_IRQHandler
                0x0000000008002634                EXTI0_IRQHandler
                0x0000000008002634                I2C2_EV_IRQHandler
                0x0000000008002634                CAN1_RX0_IRQHandler
                0x0000000008002634                FPU_IRQHandler
                0x0000000008002634                TIM1_UP_TIM16_IRQHandler
                0x0000000008002634                ADC1_2_IRQHandler
                0x0000000008002634                SPI1_IRQHandler
                0x0000000008002634                TIM6_DAC_IRQHandler
                0x0000000008002634                TIM8_UP_IRQHandler
                0x0000000008002634                DMA2_Channel2_IRQHandler
                0x0000000008002634                DMA1_Channel4_IRQHandler
                0x0000000008002634                SAI2_IRQHandler
                0x0000000008002634                DFSDM1_FLT3_IRQHandler
                0x0000000008002634                USART3_IRQHandler
                0x0000000008002634                DMA1_Channel7_IRQHandler
                0x0000000008002634                CAN1_RX1_IRQHandler
                0x0000000008002634                UART5_IRQHandler
                0x0000000008002634                ADC3_IRQHandler
                0x0000000008002634                TIM4_IRQHandler
                0x0000000008002634                DMA2_Channel1_IRQHandler
                0x0000000008002634                QUADSPI_IRQHandler
                0x0000000008002634                I2C1_EV_IRQHandler
                0x0000000008002634                DMA1_Channel6_IRQHandler
                0x0000000008002634                UART4_IRQHandler
                0x0000000008002634                DMA2_Channel4_IRQHandler
                0x0000000008002634                TIM3_IRQHandler
                0x0000000008002634                RCC_IRQHandler
                0x0000000008002634                DMA1_Channel1_IRQHandler
                0x0000000008002634                Default_Handler
                0x0000000008002634                DMA2_Channel7_IRQHandler
                0x0000000008002634                TIM7_IRQHandler
                0x0000000008002634                SDMMC1_IRQHandler
                0x0000000008002634                TIM5_IRQHandler
                0x0000000008002634                I2C3_EV_IRQHandler
                0x0000000008002634                RTC_WKUP_IRQHandler
                0x0000000008002634                PVD_PVM_IRQHandler
                0x0000000008002634                SPI2_IRQHandler
                0x0000000008002634                CAN1_TX_IRQHandler
                0x0000000008002634                DMA2_Channel5_IRQHandler
                0x0000000008002634                DMA1_Channel5_IRQHandler
                0x0000000008002634                EXTI4_IRQHandler
                0x0000000008002634                RNG_IRQHandler
                0x0000000008002634                TIM1_TRG_COM_TIM17_IRQHandler
                0x0000000008002634                DMA1_Channel3_IRQHandler
                0x0000000008002634                COMP_IRQHandler
                0x0000000008002634                WWDG_IRQHandler
                0x0000000008002634                LPUART1_IRQHandler
                0x0000000008002634                DMA2_Channel6_IRQHandler
                0x0000000008002634                TIM2_IRQHandler
                0x0000000008002634                USART2_IRQHandler
                0x0000000008002634                DFSDM1_FLT0_IRQHandler
                0x0000000008002634                I2C2_ER_IRQHandler
                0x0000000008002634                DMA1_Channel2_IRQHandler
                0x0000000008002634                TIM8_BRK_IRQHandler
                0x0000000008002634                CAN1_SCE_IRQHandler
                0x0000000008002634                FLASH_IRQHandler
                0x0000000008002634                USART1_IRQHandler
                0x0000000008002634                OTG_FS_IRQHandler
                0x0000000008002634                I2C1_ER_IRQHandler
                0x0000000008002634                FMC_IRQHandler
                0x0000000008002634                SWPMI1_IRQHandler
                0x0000000008002634                LPTIM1_IRQHandler
                0x0000000008002634                SAI1_IRQHandler
                0x0000000008002634                DMA2_Channel3_IRQHandler
                0x0000000008002634                TIM1_BRK_TIM15_IRQHandler
 .text.HAL_Init
                0x0000000008002636       0x30 ./Drivers/STM32L4xx_HAL_Driver/Src/stm32l4xx_hal.o
                0x0000000008002636                HAL_Init
 *fill*         0x0000000008002666        0x2 
 .text.HAL_InitTick
                0x0000000008002668       0x78 ./Drivers/STM32L4xx_HAL_Driver/Src/stm32l4xx_hal.o
                0x0000000008002668                HAL_InitTick
 .text.HAL_IncTick
                0x00000000080026e0       0x28 ./Drivers/STM32L4xx_HAL_Driver/Src/stm32l4xx_hal.o
                0x00000000080026e0                HAL_IncTick
 .text.HAL_GetTick
                0x0000000008002708       0x18 ./Drivers/STM32L4xx_HAL_Driver/Src/stm32l4xx_hal.o
                0x0000000008002708                HAL_GetTick
 .text.HAL_Delay
                0x0000000008002720       0x48 ./Drivers/STM32L4xx_HAL_Driver/Src/stm32l4xx_hal.o
                0x0000000008002720                HAL_Delay
 .text.__NVIC_SetPriorityGrouping
                0x0000000008002768       0x48 ./Drivers/STM32L4xx_HAL_Driver/Src/stm32l4xx_hal_cortex.o
 .text.__NVIC_GetPriorityGrouping
                0x00000000080027b0       0x1c ./Drivers/STM32L4xx_HAL_Driver/Src/stm32l4xx_hal_cortex.o
 .text.__NVIC_EnableIRQ
                0x00000000080027cc       0x3c ./Drivers/STM32L4xx_HAL_Driver/Src/stm32l4xx_hal_cortex.o
 .text.__NVIC_DisableIRQ
                0x0000000008002808       0x48 ./Drivers/STM32L4xx_HAL_Driver/Src/stm32l4xx_hal_cortex.o
 .text.__NVIC_SetPriority
                0x0000000008002850       0x54 ./Drivers/STM32L4xx_HAL_Driver/Src/stm32l4xx_hal_cortex.o
 .text.NVIC_EncodePriority
                0x00000000080028a4       0x66 ./Drivers/STM32L4xx_HAL_Driver/Src/stm32l4xx_hal_cortex.o
 *fill*         0x000000000800290a        0x2 
 .text.SysTick_Config
                0x000000000800290c       0x44 ./Drivers/STM32L4xx_HAL_Driver/Src/stm32l4xx_hal_cortex.o
 .text.HAL_NVIC_SetPriorityGrouping
                0x0000000008002950       0x16 ./Drivers/STM32L4xx_HAL_Driver/Src/stm32l4xx_hal_cortex.o
                0x0000000008002950                HAL_NVIC_SetPriorityGrouping
 .text.HAL_NVIC_SetPriority
                0x0000000008002966       0x38 ./Drivers/STM32L4xx_HAL_Driver/Src/stm32l4xx_hal_cortex.o
                0x0000000008002966                HAL_NVIC_SetPriority
 .text.HAL_NVIC_EnableIRQ
                0x000000000800299e       0x1c ./Drivers/STM32L4xx_HAL_Driver/Src/stm32l4xx_hal_cortex.o
                0x000000000800299e                HAL_NVIC_EnableIRQ
 .text.HAL_NVIC_DisableIRQ
                0x00000000080029ba       0x1c ./Drivers/STM32L4xx_HAL_Driver/Src/stm32l4xx_hal_cortex.o
                0x00000000080029ba                HAL_NVIC_DisableIRQ
 .text.HAL_SYSTICK_Config
                0x00000000080029d6       0x18 ./Drivers/STM32L4xx_HAL_Driver/Src/stm32l4xx_hal_cortex.o
                0x00000000080029d6                HAL_SYSTICK_Config
 *fill*         0x00000000080029ee        0x2 
 .text.HAL_DFSDM_ChannelInit
                0x00000000080029f0      0x180 ./Drivers/STM32L4xx_HAL_Driver/Src/stm32l4xx_hal_dfsdm.o
                0x00000000080029f0                HAL_DFSDM_ChannelInit
 .text.DFSDM_GetChannelFromInstance
                0x0000000008002b70       0x98 ./Drivers/STM32L4xx_HAL_Driver/Src/stm32l4xx_hal_dfsdm.o
 .text.HAL_DMA_Abort_IT
                0x0000000008002c08       0x82 ./Drivers/STM32L4xx_HAL_Driver/Src/stm32l4xx_hal_dma.o
                0x0000000008002c08                HAL_DMA_Abort_IT
 *fill*         0x0000000008002c8a        0x2 
 .text.HAL_GPIO_Init
                0x0000000008002c8c      0x354 ./Drivers/STM32L4xx_HAL_Driver/Src/stm32l4xx_hal_gpio.o
                0x0000000008002c8c                HAL_GPIO_Init
 .text.HAL_GPIO_DeInit
                0x0000000008002fe0      0x1e8 ./Drivers/STM32L4xx_HAL_Driver/Src/stm32l4xx_hal_gpio.o
                0x0000000008002fe0                HAL_GPIO_DeInit
 .text.HAL_GPIO_ReadPin
                0x00000000080031c8       0x30 ./Drivers/STM32L4xx_HAL_Driver/Src/stm32l4xx_hal_gpio.o
                0x00000000080031c8                HAL_GPIO_ReadPin
 .text.HAL_GPIO_WritePin
                0x00000000080031f8       0x30 ./Drivers/STM32L4xx_HAL_Driver/Src/stm32l4xx_hal_gpio.o
                0x00000000080031f8                HAL_GPIO_WritePin
 .text.HAL_GPIO_EXTI_IRQHandler
                0x0000000008003228       0x30 ./Drivers/STM32L4xx_HAL_Driver/Src/stm32l4xx_hal_gpio.o
                0x0000000008003228                HAL_GPIO_EXTI_IRQHandler
 .text.HAL_I2C_Init
                0x0000000008003258      0x136 ./Drivers/STM32L4xx_HAL_Driver/Src/stm32l4xx_hal_i2c.o
                0x0000000008003258                HAL_I2C_Init
 .text.HAL_I2C_DeInit
                0x000000000800338e       0x5e ./Drivers/STM32L4xx_HAL_Driver/Src/stm32l4xx_hal_i2c.o
                0x000000000800338e                HAL_I2C_DeInit
 .text.HAL_I2C_Mem_Write
                0x00000000080033ec      0x228 ./Drivers/STM32L4xx_HAL_Driver/Src/stm32l4xx_hal_i2c.o
                0x00000000080033ec                HAL_I2C_Mem_Write
 .text.HAL_I2C_Mem_Read
                0x0000000008003614      0x234 ./Drivers/STM32L4xx_HAL_Driver/Src/stm32l4xx_hal_i2c.o
                0x0000000008003614                HAL_I2C_Mem_Read
 .text.I2C_RequestMemoryWrite
                0x0000000008003848       0xa8 ./Drivers/STM32L4xx_HAL_Driver/Src/stm32l4xx_hal_i2c.o
 .text.I2C_RequestMemoryRead
                0x00000000080038f0       0xa8 ./Drivers/STM32L4xx_HAL_Driver/Src/stm32l4xx_hal_i2c.o
 .text.I2C_Flush_TXDR
                0x0000000008003998       0x48 ./Drivers/STM32L4xx_HAL_Driver/Src/stm32l4xx_hal_i2c.o
 .text.I2C_WaitOnFlagUntilTimeout
                0x00000000080039e0       0x9e ./Drivers/STM32L4xx_HAL_Driver/Src/stm32l4xx_hal_i2c.o
 .text.I2C_WaitOnTXISFlagUntilTimeout
                0x0000000008003a7e       0x8e ./Drivers/STM32L4xx_HAL_Driver/Src/stm32l4xx_hal_i2c.o
 .text.I2C_WaitOnSTOPFlagUntilTimeout
                0x0000000008003b0c       0x86 ./Drivers/STM32L4xx_HAL_Driver/Src/stm32l4xx_hal_i2c.o
 *fill*         0x0000000008003b92        0x2 
 .text.I2C_IsErrorOccurred
                0x0000000008003b94      0x1c0 ./Drivers/STM32L4xx_HAL_Driver/Src/stm32l4xx_hal_i2c.o
 .text.I2C_TransferConfig
                0x0000000008003d54       0x64 ./Drivers/STM32L4xx_HAL_Driver/Src/stm32l4xx_hal_i2c.o
 .text.HAL_I2CEx_ConfigAnalogFilter
                0x0000000008003db8       0x96 ./Drivers/STM32L4xx_HAL_Driver/Src/stm32l4xx_hal_i2c_ex.o
                0x0000000008003db8                HAL_I2CEx_ConfigAnalogFilter
 .text.HAL_I2CEx_ConfigDigitalFilter
                0x0000000008003e4e       0x98 ./Drivers/STM32L4xx_HAL_Driver/Src/stm32l4xx_hal_i2c_ex.o
                0x0000000008003e4e                HAL_I2CEx_ConfigDigitalFilter
 .text.HAL_PCD_Init
                0x0000000008003ee6      0x248 ./Drivers/STM32L4xx_HAL_Driver/Src/stm32l4xx_hal_pcd.o
                0x0000000008003ee6                HAL_PCD_Init
 .text.HAL_PCDEx_ActivateLPM
                0x000000000800412e       0x48 ./Drivers/STM32L4xx_HAL_Driver/Src/stm32l4xx_hal_pcd_ex.o
                0x000000000800412e                HAL_PCDEx_ActivateLPM
 *fill*         0x0000000008004176        0x2 
 .text.HAL_PWR_EnableBkUpAccess
                0x0000000008004178       0x20 ./Drivers/STM32L4xx_HAL_Driver/Src/stm32l4xx_hal_pwr.o
                0x0000000008004178                HAL_PWR_EnableBkUpAccess
 .text.HAL_PWREx_GetVoltageRange
                0x0000000008004198       0x1c ./Drivers/STM32L4xx_HAL_Driver/Src/stm32l4xx_hal_pwr_ex.o
                0x0000000008004198                HAL_PWREx_GetVoltageRange
 .text.HAL_PWREx_ControlVoltageScaling
                0x00000000080041b4       0xac ./Drivers/STM32L4xx_HAL_Driver/Src/stm32l4xx_hal_pwr_ex.o
                0x00000000080041b4                HAL_PWREx_ControlVoltageScaling
 .text.HAL_PWREx_EnableVddUSB
                0x0000000008004260       0x20 ./Drivers/STM32L4xx_HAL_Driver/Src/stm32l4xx_hal_pwr_ex.o
                0x0000000008004260                HAL_PWREx_EnableVddUSB
 .text.HAL_QSPI_Init
                0x0000000008004280       0xec ./Drivers/STM32L4xx_HAL_Driver/Src/stm32l4xx_hal_qspi.o
                0x0000000008004280                HAL_QSPI_Init
 .text.HAL_QSPI_SetTimeout
                0x000000000800436c       0x1c ./Drivers/STM32L4xx_HAL_Driver/Src/stm32l4xx_hal_qspi.o
                0x000000000800436c                HAL_QSPI_SetTimeout
 .text.QSPI_WaitFlagStateUntilTimeout
                0x0000000008004388       0x6e ./Drivers/STM32L4xx_HAL_Driver/Src/stm32l4xx_hal_qspi.o
 *fill*         0x00000000080043f6        0x2 
 .text.HAL_RCC_OscConfig
                0x00000000080043f8      0x7b8 ./Drivers/STM32L4xx_HAL_Driver/Src/stm32l4xx_hal_rcc.o
                0x00000000080043f8                HAL_RCC_OscConfig
 .text.HAL_RCC_ClockConfig
                0x0000000008004bb0      0x200 ./Drivers/STM32L4xx_HAL_Driver/Src/stm32l4xx_hal_rcc.o
                0x0000000008004bb0                HAL_RCC_ClockConfig
 .text.HAL_RCC_GetSysClockFreq
                0x0000000008004db0      0x118 ./Drivers/STM32L4xx_HAL_Driver/Src/stm32l4xx_hal_rcc.o
                0x0000000008004db0                HAL_RCC_GetSysClockFreq
 .text.HAL_RCC_GetHCLKFreq
                0x0000000008004ec8       0x18 ./Drivers/STM32L4xx_HAL_Driver/Src/stm32l4xx_hal_rcc.o
                0x0000000008004ec8                HAL_RCC_GetHCLKFreq
 .text.HAL_RCC_GetPCLK1Freq
                0x0000000008004ee0       0x2c ./Drivers/STM32L4xx_HAL_Driver/Src/stm32l4xx_hal_rcc.o
                0x0000000008004ee0                HAL_RCC_GetPCLK1Freq
 .text.HAL_RCC_GetPCLK2Freq
                0x0000000008004f0c       0x2c ./Drivers/STM32L4xx_HAL_Driver/Src/stm32l4xx_hal_rcc.o
                0x0000000008004f0c                HAL_RCC_GetPCLK2Freq
 .text.RCC_SetFlashLatencyFromMSIRange
                0x0000000008004f38       0xc0 ./Drivers/STM32L4xx_HAL_Driver/Src/stm32l4xx_hal_rcc.o
 .text.HAL_RCCEx_PeriphCLKConfig
                0x0000000008004ff8      0x5d4 ./Drivers/STM32L4xx_HAL_Driver/Src/stm32l4xx_hal_rcc_ex.o
                0x0000000008004ff8                HAL_RCCEx_PeriphCLKConfig
 .text.HAL_RCCEx_EnableMSIPLLMode
                0x00000000080055cc       0x20 ./Drivers/STM32L4xx_HAL_Driver/Src/stm32l4xx_hal_rcc_ex.o
                0x00000000080055cc                HAL_RCCEx_EnableMSIPLLMode
 .text.RCCEx_PLLSAI1_Config
                0x00000000080055ec      0x1e8 ./Drivers/STM32L4xx_HAL_Driver/Src/stm32l4xx_hal_rcc_ex.o
 .text.RCCEx_PLLSAI2_Config
                0x00000000080057d4      0x1bc ./Drivers/STM32L4xx_HAL_Driver/Src/stm32l4xx_hal_rcc_ex.o
 .text.HAL_SPI_Init
                0x0000000008005990      0x146 ./Drivers/STM32L4xx_HAL_Driver/Src/stm32l4xx_hal_spi.o
                0x0000000008005990                HAL_SPI_Init
 .text.HAL_SPI_DeInit
                0x0000000008005ad6       0x50 ./Drivers/STM32L4xx_HAL_Driver/Src/stm32l4xx_hal_spi.o
                0x0000000008005ad6                HAL_SPI_DeInit
 .text.HAL_SPI_Receive
                0x0000000008005b26      0x26e ./Drivers/STM32L4xx_HAL_Driver/Src/stm32l4xx_hal_spi.o
                0x0000000008005b26                HAL_SPI_Receive
 .text.HAL_SPI_TransmitReceive
                0x0000000008005d94      0x444 ./Drivers/STM32L4xx_HAL_Driver/Src/stm32l4xx_hal_spi.o
                0x0000000008005d94                HAL_SPI_TransmitReceive
 .text.HAL_SPI_Transmit_IT
                0x00000000080061d8      0x118 ./Drivers/STM32L4xx_HAL_Driver/Src/stm32l4xx_hal_spi.o
                0x00000000080061d8                HAL_SPI_Transmit_IT
 .text.HAL_SPI_Receive_IT
                0x00000000080062f0      0x15c ./Drivers/STM32L4xx_HAL_Driver/Src/stm32l4xx_hal_spi.o
                0x00000000080062f0                HAL_SPI_Receive_IT
 .text.HAL_SPI_TransmitReceive_IT
                0x000000000800644c      0x15c ./Drivers/STM32L4xx_HAL_Driver/Src/stm32l4xx_hal_spi.o
                0x000000000800644c                HAL_SPI_TransmitReceive_IT
 .text.HAL_SPI_IRQHandler
                0x00000000080065a8      0x1e8 ./Drivers/STM32L4xx_HAL_Driver/Src/stm32l4xx_hal_spi.o
                0x00000000080065a8                HAL_SPI_IRQHandler
 .text.HAL_SPI_TxRxCpltCallback
                0x0000000008006790       0x14 ./Drivers/STM32L4xx_HAL_Driver/Src/stm32l4xx_hal_spi.o
                0x0000000008006790                HAL_SPI_TxRxCpltCallback
 .text.HAL_SPI_ErrorCallback
                0x00000000080067a4       0x14 ./Drivers/STM32L4xx_HAL_Driver/Src/stm32l4xx_hal_spi.o
                0x00000000080067a4                HAL_SPI_ErrorCallback
 .text.SPI_DMAAbortOnError
                0x00000000080067b8       0x2a ./Drivers/STM32L4xx_HAL_Driver/Src/stm32l4xx_hal_spi.o
 .text.SPI_2linesRxISR_8BIT
                0x00000000080067e2       0xbe ./Drivers/STM32L4xx_HAL_Driver/Src/stm32l4xx_hal_spi.o
 .text.SPI_2linesTxISR_8BIT
                0x00000000080068a0       0x92 ./Drivers/STM32L4xx_HAL_Driver/Src/stm32l4xx_hal_spi.o
 .text.SPI_2linesRxISR_16BIT
                0x0000000008006932       0x66 ./Drivers/STM32L4xx_HAL_Driver/Src/stm32l4xx_hal_spi.o
 .text.SPI_2linesTxISR_16BIT
                0x0000000008006998       0x60 ./Drivers/STM32L4xx_HAL_Driver/Src/stm32l4xx_hal_spi.o
 .text.SPI_RxISR_8BIT
                0x00000000080069f8       0x50 ./Drivers/STM32L4xx_HAL_Driver/Src/stm32l4xx_hal_spi.o
 .text.SPI_RxISR_16BIT
                0x0000000008006a48       0x4c ./Drivers/STM32L4xx_HAL_Driver/Src/stm32l4xx_hal_spi.o
 .text.SPI_TxISR_8BIT
                0x0000000008006a94       0x46 ./Drivers/STM32L4xx_HAL_Driver/Src/stm32l4xx_hal_spi.o
 .text.SPI_TxISR_16BIT
                0x0000000008006ada       0x44 ./Drivers/STM32L4xx_HAL_Driver/Src/stm32l4xx_hal_spi.o
 *fill*         0x0000000008006b1e        0x2 
 .text.SPI_WaitFlagStateUntilTimeout
                0x0000000008006b20      0x110 ./Drivers/STM32L4xx_HAL_Driver/Src/stm32l4xx_hal_spi.o
 .text.SPI_WaitFifoStateUntilTimeout
                0x0000000008006c30      0x12c ./Drivers/STM32L4xx_HAL_Driver/Src/stm32l4xx_hal_spi.o
 .text.SPI_EndRxTransaction
                0x0000000008006d5c       0xb0 ./Drivers/STM32L4xx_HAL_Driver/Src/stm32l4xx_hal_spi.o
 .text.SPI_EndRxTxTransaction
                0x0000000008006e0c       0x8c ./Drivers/STM32L4xx_HAL_Driver/Src/stm32l4xx_hal_spi.o
 .text.SPI_CloseRxTx_ISR
                0x0000000008006e98       0x84 ./Drivers/STM32L4xx_HAL_Driver/Src/stm32l4xx_hal_spi.o
 .text.SPI_CloseRx_ISR
                0x0000000008006f1c       0x60 ./Drivers/STM32L4xx_HAL_Driver/Src/stm32l4xx_hal_spi.o
 .text.SPI_CloseTx_ISR
                0x0000000008006f7c       0x7e ./Drivers/STM32L4xx_HAL_Driver/Src/stm32l4xx_hal_spi.o
 .text.HAL_UART_Init
                0x0000000008006ffa       0x9c ./Drivers/STM32L4xx_HAL_Driver/Src/stm32l4xx_hal_uart.o
                0x0000000008006ffa                HAL_UART_Init
 *fill*         0x0000000008007096        0x2 
 .text.UART_SetConfig
                0x0000000008007098      0x570 ./Drivers/STM32L4xx_HAL_Driver/Src/stm32l4xx_hal_uart.o
                0x0000000008007098                UART_SetConfig
 .text.UART_AdvFeatureConfig
                0x0000000008007608      0x144 ./Drivers/STM32L4xx_HAL_Driver/Src/stm32l4xx_hal_uart.o
                0x0000000008007608                UART_AdvFeatureConfig
 .text.UART_CheckIdleState
                0x000000000800774c      0x150 ./Drivers/STM32L4xx_HAL_Driver/Src/stm32l4xx_hal_uart.o
                0x000000000800774c                UART_CheckIdleState
 .text.UART_WaitOnFlagUntilTimeout
                0x000000000800789c       0xce ./Drivers/STM32L4xx_HAL_Driver/Src/stm32l4xx_hal_uart.o
                0x000000000800789c                UART_WaitOnFlagUntilTimeout
 .text.UART_EndRxTransfer
                0x000000000800796a       0xc8 ./Drivers/STM32L4xx_HAL_Driver/Src/stm32l4xx_hal_uart.o
 .text.USB_CoreInit
                0x0000000008007a32       0x58 ./Drivers/STM32L4xx_HAL_Driver/Src/stm32l4xx_ll_usb.o
                0x0000000008007a32                USB_CoreInit
 .text.USB_DisableGlobalInt
                0x0000000008007a8a       0x22 ./Drivers/STM32L4xx_HAL_Driver/Src/stm32l4xx_ll_usb.o
                0x0000000008007a8a                USB_DisableGlobalInt
 .text.USB_SetCurrentMode
                0x0000000008007aac       0x98 ./Drivers/STM32L4xx_HAL_Driver/Src/stm32l4xx_ll_usb.o
                0x0000000008007aac                USB_SetCurrentMode
 .text.USB_DevInit
                0x0000000008007b44      0x284 ./Drivers/STM32L4xx_HAL_Driver/Src/stm32l4xx_ll_usb.o
                0x0000000008007b44                USB_DevInit
 .text.USB_FlushTxFifo
                0x0000000008007dc8       0x68 ./Drivers/STM32L4xx_HAL_Driver/Src/stm32l4xx_ll_usb.o
                0x0000000008007dc8                USB_FlushTxFifo
 .text.USB_FlushRxFifo
                0x0000000008007e30       0x60 ./Drivers/STM32L4xx_HAL_Driver/Src/stm32l4xx_ll_usb.o
                0x0000000008007e30                USB_FlushRxFifo
 .text.USB_SetDevSpeed
                0x0000000008007e90       0x32 ./Drivers/STM32L4xx_HAL_Driver/Src/stm32l4xx_ll_usb.o
                0x0000000008007e90                USB_SetDevSpeed
 .text.USB_DevDisconnect
                0x0000000008007ec2       0x42 ./Drivers/STM32L4xx_HAL_Driver/Src/stm32l4xx_ll_usb.o
                0x0000000008007ec2                USB_DevDisconnect
 .text.USB_GetMode
                0x0000000008007f04       0x1c ./Drivers/STM32L4xx_HAL_Driver/Src/stm32l4xx_ll_usb.o
                0x0000000008007f04                USB_GetMode
 .text.USB_CoreReset
                0x0000000008007f20       0x68 ./Drivers/STM32L4xx_HAL_Driver/Src/stm32l4xx_ll_usb.o
 .text.BSP_LED_On
                0x0000000008007f88       0x2c ./L4_IOT_Sensors/Drivers/BSP/B-L475E-IOT01/stm32l475e_iot01.o
                0x0000000008007f88                BSP_LED_On
 .text.BSP_LED_Off
                0x0000000008007fb4       0x2c ./L4_IOT_Sensors/Drivers/BSP/B-L475E-IOT01/stm32l475e_iot01.o
                0x0000000008007fb4                BSP_LED_Off
 .text.BSP_COM_Init
                0x0000000008007fe0       0xd8 ./L4_IOT_Sensors/Drivers/BSP/B-L475E-IOT01/stm32l475e_iot01.o
                0x0000000008007fe0                BSP_COM_Init
 .text.I2Cx_MspInit
                0x00000000080080b8       0xb0 ./L4_IOT_Sensors/Drivers/BSP/B-L475E-IOT01/stm32l475e_iot01.o
 .text.I2Cx_Init
                0x0000000008008168       0x5c ./L4_IOT_Sensors/Drivers/BSP/B-L475E-IOT01/stm32l475e_iot01.o
 .text.I2Cx_ReadMultiple
                0x00000000080081c4       0x5a ./L4_IOT_Sensors/Drivers/BSP/B-L475E-IOT01/stm32l475e_iot01.o
 .text.I2Cx_WriteMultiple
                0x000000000800821e       0x5a ./L4_IOT_Sensors/Drivers/BSP/B-L475E-IOT01/stm32l475e_iot01.o
 .text.I2Cx_Error
                0x0000000008008278       0x20 ./L4_IOT_Sensors/Drivers/BSP/B-L475E-IOT01/stm32l475e_iot01.o
 .text.SENSOR_IO_Init
                0x0000000008008298       0x14 ./L4_IOT_Sensors/Drivers/BSP/B-L475E-IOT01/stm32l475e_iot01.o
                0x0000000008008298                SENSOR_IO_Init
 .text.SENSOR_IO_Write
                0x00000000080082ac       0x34 ./L4_IOT_Sensors/Drivers/BSP/B-L475E-IOT01/stm32l475e_iot01.o
                0x00000000080082ac                SENSOR_IO_Write
 .text.SENSOR_IO_Read
                0x00000000080082e0       0x3c ./L4_IOT_Sensors/Drivers/BSP/B-L475E-IOT01/stm32l475e_iot01.o
                0x00000000080082e0                SENSOR_IO_Read
 .text.SENSOR_IO_ReadMultiple
                0x000000000800831c       0x3c ./L4_IOT_Sensors/Drivers/BSP/B-L475E-IOT01/stm32l475e_iot01.o
                0x000000000800831c                SENSOR_IO_ReadMultiple
 .text.BSP_TSENSOR_Init
                0x0000000008008358       0x38 ./L4_IOT_Sensors/Drivers/BSP/B-L475E-IOT01/stm32l475e_iot01_tsensor.o
                0x0000000008008358                BSP_TSENSOR_Init
 .text.BSP_TSENSOR_ReadTemp
                0x0000000008008390       0x1c ./L4_IOT_Sensors/Drivers/BSP/B-L475E-IOT01/stm32l475e_iot01_tsensor.o
                0x0000000008008390                BSP_TSENSOR_ReadTemp
 .text.HTS221_T_Init
                0x00000000080083ac       0x5a ./L4_IOT_Sensors/Drivers/BSP/Components/hts221/hts221.o
                0x00000000080083ac                HTS221_T_Init
 .text.HTS221_T_ReadTemp
                0x0000000008008406      0x10e ./L4_IOT_Sensors/Drivers/BSP/Components/hts221/hts221.o
                0x0000000008008406                HTS221_T_ReadTemp
 .text.Hex2Num  0x0000000008008514       0x54 ./Libraries/WIFI/es_wifi.o
 .text.ParseHexNumber
                0x0000000008008568       0x86 ./Libraries/WIFI/es_wifi.o
 .text.ParseNumber
                0x00000000080085ee       0x88 ./Libraries/WIFI/es_wifi.o
 .text.ParseMAC
                0x0000000008008676       0x6e ./Libraries/WIFI/es_wifi.o
 .text.ParseIP  0x00000000080086e4       0x6e ./Libraries/WIFI/es_wifi.o
 *fill*         0x0000000008008752        0x2 
 .text.AT_ParseInfo
                0x0000000008008754      0x11c ./Libraries/WIFI/es_wifi.o
 .text.AT_ParseConnSettings
                0x0000000008008870      0x17c ./Libraries/WIFI/es_wifi.o
 .text.AT_ExecuteCommand
                0x00000000080089ec       0xe0 ./Libraries/WIFI/es_wifi.o
 .text.AT_RequestSendData
                0x0000000008008acc      0x100 ./Libraries/WIFI/es_wifi.o
 .text.AT_RequestReceiveData
                0x0000000008008bcc      0x144 ./Libraries/WIFI/es_wifi.o
 .text.ES_WIFI_Init
                0x0000000008008d10       0x68 ./Libraries/WIFI/es_wifi.o
                0x0000000008008d10                ES_WIFI_Init
 .text.ES_WIFI_RegisterBusIO
                0x0000000008008d78       0x66 ./Libraries/WIFI/es_wifi.o
                0x0000000008008d78                ES_WIFI_RegisterBusIO
 *fill*         0x0000000008008dde        0x2 
 .text.ES_WIFI_Connect
                0x0000000008008de0       0xf0 ./Libraries/WIFI/es_wifi.o
                0x0000000008008de0                ES_WIFI_Connect
 .text.ES_WIFI_IsConnected
                0x0000000008008ed0       0x60 ./Libraries/WIFI/es_wifi.o
                0x0000000008008ed0                ES_WIFI_IsConnected
 .text.ES_WIFI_GetNetworkSettings
                0x0000000008008f30       0x54 ./Libraries/WIFI/es_wifi.o
                0x0000000008008f30                ES_WIFI_GetNetworkSettings
 .text.ES_WIFI_GetMACAddress
                0x0000000008008f84       0x6c ./Libraries/WIFI/es_wifi.o
                0x0000000008008f84                ES_WIFI_GetMACAddress
 .text.ES_WIFI_StartClientConnection
                0x0000000008008ff0      0x1d4 ./Libraries/WIFI/es_wifi.o
                0x0000000008008ff0                ES_WIFI_StartClientConnection
 .text.ES_WIFI_SendData
                0x00000000080091c4      0x178 ./Libraries/WIFI/es_wifi.o
                0x00000000080091c4                ES_WIFI_SendData
 .text.ES_WIFI_ReceiveData
                0x000000000800933c      0x180 ./Libraries/WIFI/es_wifi.o
                0x000000000800933c                ES_WIFI_ReceiveData
 .text.SPI_WIFI_MspInit
                0x00000000080094bc      0x178 ./Libraries/WIFI/es_wifi_io.o
                0x00000000080094bc                SPI_WIFI_MspInit
 .text.SPI_WIFI_Init
                0x0000000008009634       0xbc ./Libraries/WIFI/es_wifi_io.o
                0x0000000008009634                SPI_WIFI_Init
 .text.SPI_WIFI_ResetModule
                0x00000000080096f0       0xe0 ./Libraries/WIFI/es_wifi_io.o
                0x00000000080096f0                SPI_WIFI_ResetModule
 .text.SPI_WIFI_DeInit
                0x00000000080097d0       0x14 ./Libraries/WIFI/es_wifi_io.o
                0x00000000080097d0                SPI_WIFI_DeInit
 .text.wait_cmddata_rdy_high
                0x00000000080097e4       0x44 ./Libraries/WIFI/es_wifi_io.o
 .text.wait_cmddata_rdy_rising_event
                0x0000000008009828       0x40 ./Libraries/WIFI/es_wifi_io.o
 .text.wait_spi_rx_event
                0x0000000008009868       0x40 ./Libraries/WIFI/es_wifi_io.o
 .text.wait_spi_tx_event
                0x00000000080098a8       0x40 ./Libraries/WIFI/es_wifi_io.o
 .text.SPI_WIFI_ReceiveData
                0x00000000080098e8       0xf4 ./Libraries/WIFI/es_wifi_io.o
                0x00000000080098e8                SPI_WIFI_ReceiveData
 .text.SPI_WIFI_SendData
                0x00000000080099dc       0xdc ./Libraries/WIFI/es_wifi_io.o
                0x00000000080099dc                SPI_WIFI_SendData
 .text.SPI_WIFI_Delay
                0x0000000008009ab8       0x16 ./Libraries/WIFI/es_wifi_io.o
                0x0000000008009ab8                SPI_WIFI_Delay
 *fill*         0x0000000008009ace        0x2 
 .text.SPI_WIFI_DelayUs
                0x0000000008009ad0       0xa4 ./Libraries/WIFI/es_wifi_io.o
 .text.HAL_SPI_RxCpltCallback
                0x0000000008009b74       0x28 ./Libraries/WIFI/es_wifi_io.o
                0x0000000008009b74                HAL_SPI_RxCpltCallback
 .text.HAL_SPI_TxCpltCallback
                0x0000000008009b9c       0x28 ./Libraries/WIFI/es_wifi_io.o
                0x0000000008009b9c                HAL_SPI_TxCpltCallback
 .text.SPI_WIFI_ISR
                0x0000000008009bc4       0x20 ./Libraries/WIFI/es_wifi_io.o
                0x0000000008009bc4                SPI_WIFI_ISR
 .text.WIFI_Init
                0x0000000008009be4       0x58 ./Libraries/WIFI/wifi.o
                0x0000000008009be4                WIFI_Init
 .text.WIFI_Connect
                0x0000000008009c3c       0x44 ./Libraries/WIFI/wifi.o
                0x0000000008009c3c                WIFI_Connect
 .text.WIFI_GetMAC_Address
                0x0000000008009c80       0x40 ./Libraries/WIFI/wifi.o
                0x0000000008009c80                WIFI_GetMAC_Address
 .text.WIFI_GetIP_Address
                0x0000000008009cc0       0x48 ./Libraries/WIFI/wifi.o
                0x0000000008009cc0                WIFI_GetIP_Address
 .text.WIFI_OpenClientConnection
                0x0000000008009d08       0x78 ./Libraries/WIFI/wifi.o
                0x0000000008009d08                WIFI_OpenClientConnection
 .text.sendMessageVector
                0x0000000008009d80      0x1d4 ./Libraries/coreMQTT/source/core_mqtt.o
 .text.sendBuffer
                0x0000000008009f54      0x11c ./Libraries/coreMQTT/source/core_mqtt.o
 .text.calculateElapsedTime
                0x000000000800a070       0x1c ./Libraries/coreMQTT/source/core_mqtt.o
 .text.getAckFromPacketType
                0x000000000800a08c       0x64 ./Libraries/coreMQTT/source/core_mqtt.o
 .text.recvExact
                0x000000000800a0f0      0x164 ./Libraries/coreMQTT/source/core_mqtt.o
 .text.discardPacket
                0x000000000800a254      0x104 ./Libraries/coreMQTT/source/core_mqtt.o
 .text.receivePacket
                0x000000000800a358       0xa0 ./Libraries/coreMQTT/source/core_mqtt.o
 .text.getAckTypeToSend
                0x000000000800a3f8       0x54 ./Libraries/coreMQTT/source/core_mqtt.o
 .text.sendPublishAcks
                0x000000000800a44c       0xc4 ./Libraries/coreMQTT/source/core_mqtt.o
 .text.addEncodedStringToVector
                0x000000000800a510       0xb0 ./Libraries/coreMQTT/source/core_mqtt.o
 .text.sendPublishWithoutCopy
                0x000000000800a5c0       0xe6 ./Libraries/coreMQTT/source/core_mqtt.o
 *fill*         0x000000000800a6a6        0x2 
 .text.sendConnectWithoutCopy
                0x000000000800a6a8      0x238 ./Libraries/coreMQTT/source/core_mqtt.o
 .text.receiveConnack
                0x000000000800a8e0      0x184 ./Libraries/coreMQTT/source/core_mqtt.o
 .text.handleSessionResumption
                0x000000000800aa64       0xe0 ./Libraries/coreMQTT/source/core_mqtt.o
 .text.validatePublishParams
                0x000000000800ab44       0x70 ./Libraries/coreMQTT/source/core_mqtt.o
 .text.MQTT_Init
                0x000000000800abb4       0xaa ./Libraries/coreMQTT/source/core_mqtt.o
                0x000000000800abb4                MQTT_Init
 .text.MQTT_Connect
                0x000000000800ac5e       0xf0 ./Libraries/coreMQTT/source/core_mqtt.o
                0x000000000800ac5e                MQTT_Connect
 .text.MQTT_Publish
                0x000000000800ad4e      0x10c ./Libraries/coreMQTT/source/core_mqtt.o
                0x000000000800ad4e                MQTT_Publish
 .text.remainingLengthEncodedSize
                0x000000000800ae5a       0x42 ./Libraries/coreMQTT/source/core_mqtt_serializer.o
 .text.encodeRemainingLength
                0x000000000800ae9c       0x70 ./Libraries/coreMQTT/source/core_mqtt_serializer.o
 .text.encodeString
                0x000000000800af0c       0x80 ./Libraries/coreMQTT/source/core_mqtt_serializer.o
 .text.calculatePublishPacketSize
                0x000000000800af8c       0xf0 ./Libraries/coreMQTT/source/core_mqtt_serializer.o
 .text.MQTT_SerializePublishHeaderWithoutTopic
                0x000000000800b07c       0xb2 ./Libraries/coreMQTT/source/core_mqtt_serializer.o
                0x000000000800b07c                MQTT_SerializePublishHeaderWithoutTopic
 .text.getRemainingLength
                0x000000000800b12e       0xa8 ./Libraries/coreMQTT/source/core_mqtt_serializer.o
 .text.incomingPacketValid
                0x000000000800b1d6       0x7e ./Libraries/coreMQTT/source/core_mqtt_serializer.o
 .text.logConnackResponse
                0x000000000800b254       0x4c ./Libraries/coreMQTT/source/core_mqtt_serializer.o
 .text.deserializeConnack
                0x000000000800b2a0       0xd4 ./Libraries/coreMQTT/source/core_mqtt_serializer.o
 .text.readSubackStatus
                0x000000000800b374       0x88 ./Libraries/coreMQTT/source/core_mqtt_serializer.o
 .text.deserializeSuback
                0x000000000800b3fc       0xa8 ./Libraries/coreMQTT/source/core_mqtt_serializer.o
 .text.deserializeSimpleAck
                0x000000000800b4a4       0x88 ./Libraries/coreMQTT/source/core_mqtt_serializer.o
 .text.deserializePingresp
                0x000000000800b52c       0x44 ./Libraries/coreMQTT/source/core_mqtt_serializer.o
 .text.MQTT_SerializeConnectFixedHeader
                0x000000000800b570       0xf0 ./Libraries/coreMQTT/source/core_mqtt_serializer.o
                0x000000000800b570                MQTT_SerializeConnectFixedHeader
 .text.MQTT_GetConnectPacketSize
                0x000000000800b660       0xd8 ./Libraries/coreMQTT/source/core_mqtt_serializer.o
                0x000000000800b660                MQTT_GetConnectPacketSize
 .text.MQTT_GetPublishPacketSize
                0x000000000800b738       0x62 ./Libraries/coreMQTT/source/core_mqtt_serializer.o
                0x000000000800b738                MQTT_GetPublishPacketSize
 .text.MQTT_SerializeAck
                0x000000000800b79a       0xa6 ./Libraries/coreMQTT/source/core_mqtt_serializer.o
                0x000000000800b79a                MQTT_SerializeAck
 .text.MQTT_DeserializeAck
                0x000000000800b840       0xe6 ./Libraries/coreMQTT/source/core_mqtt_serializer.o
                0x000000000800b840                MQTT_DeserializeAck
 .text.MQTT_GetIncomingPacketTypeAndLength
                0x000000000800b926       0x8c ./Libraries/coreMQTT/source/core_mqtt_serializer.o
                0x000000000800b926                MQTT_GetIncomingPacketTypeAndLength
 *fill*         0x000000000800b9b2        0x2 
 .text.validateTransitionPublish
                0x000000000800b9b4       0xcc ./Libraries/coreMQTT/source/core_mqtt_state.o
 .text.validateTransitionAck
                0x000000000800ba80       0xe8 ./Libraries/coreMQTT/source/core_mqtt_state.o
 .text.isPublishOutgoing
                0x000000000800bb68       0x5a ./Libraries/coreMQTT/source/core_mqtt_state.o
 *fill*         0x000000000800bbc2        0x2 
 .text.findInRecord
                0x000000000800bbc4       0x94 ./Libraries/coreMQTT/source/core_mqtt_state.o
 .text.compactRecords
                0x000000000800bc58       0xdc ./Libraries/coreMQTT/source/core_mqtt_state.o
 .text.addRecord
                0x000000000800bd34      0x108 ./Libraries/coreMQTT/source/core_mqtt_state.o
 .text.updateRecord
                0x000000000800be3c       0x78 ./Libraries/coreMQTT/source/core_mqtt_state.o
 .text.stateSelect
                0x000000000800beb4      0x150 ./Libraries/coreMQTT/source/core_mqtt_state.o
 .text.MQTT_CalculateStateAck
                0x000000000800c004       0x98 ./Libraries/coreMQTT/source/core_mqtt_state.o
                0x000000000800c004                MQTT_CalculateStateAck
 .text.updateStateAck
                0x000000000800c09c       0xb8 ./Libraries/coreMQTT/source/core_mqtt_state.o
 .text.updateStatePublish
                0x000000000800c154       0xe0 ./Libraries/coreMQTT/source/core_mqtt_state.o
 .text.MQTT_ReserveState
                0x000000000800c234       0x54 ./Libraries/coreMQTT/source/core_mqtt_state.o
                0x000000000800c234                MQTT_ReserveState
 .text.MQTT_CalculateStatePublish
                0x000000000800c288       0x5e ./Libraries/coreMQTT/source/core_mqtt_state.o
                0x000000000800c288                MQTT_CalculateStatePublish
 .text.MQTT_UpdateStatePublish
                0x000000000800c2e6       0xe6 ./Libraries/coreMQTT/source/core_mqtt_state.o
                0x000000000800c2e6                MQTT_UpdateStatePublish
 .text.MQTT_UpdateStateAck
                0x000000000800c3cc       0xf6 ./Libraries/coreMQTT/source/core_mqtt_state.o
                0x000000000800c3cc                MQTT_UpdateStateAck
 .text.MQTT_PubrelToResend
                0x000000000800c4c2       0x5c ./Libraries/coreMQTT/source/core_mqtt_state.o
                0x000000000800c4c2                MQTT_PubrelToResend
 *fill*         0x000000000800c51e        0x2 
 .text.transport_recv
                0x000000000800c520      0x18c ./Libraries/coreMQTT/source/interface/transport_interface.o
                0x000000000800c520                transport_recv
 .text.transport_send
                0x000000000800c6ac       0xc4 ./Libraries/coreMQTT/source/interface/transport_interface.o
                0x000000000800c6ac                transport_send
 .text.init_transport_from_socket
                0x000000000800c770       0x4c ./Libraries/coreMQTT/source/interface/transport_interface.o
                0x000000000800c770                init_transport_from_socket
 .text.__NVIC_SetPriority
                0x000000000800c7bc       0x54 ./Middlewares/Third_Party/FreeRTOS/Source/CMSIS_RTOS_V2/cmsis_os2.o
 .text.SVC_Setup
                0x000000000800c810       0x12 ./Middlewares/Third_Party/FreeRTOS/Source/CMSIS_RTOS_V2/cmsis_os2.o
 *fill*         0x000000000800c822        0x2 
 .text.osKernelInitialize
                0x000000000800c824       0x48 ./Middlewares/Third_Party/FreeRTOS/Source/CMSIS_RTOS_V2/cmsis_os2.o
                0x000000000800c824                osKernelInitialize
 .text.osKernelStart
                0x000000000800c86c       0x4c ./Middlewares/Third_Party/FreeRTOS/Source/CMSIS_RTOS_V2/cmsis_os2.o
                0x000000000800c86c                osKernelStart
 .text.osThreadNew
                0x000000000800c8b8      0x124 ./Middlewares/Third_Party/FreeRTOS/Source/CMSIS_RTOS_V2/cmsis_os2.o
                0x000000000800c8b8                osThreadNew
 .text.osDelay  0x000000000800c9dc       0x36 ./Middlewares/Third_Party/FreeRTOS/Source/CMSIS_RTOS_V2/cmsis_os2.o
                0x000000000800c9dc                osDelay
 *fill*         0x000000000800ca12        0x2 
 .text.vApplicationGetIdleTaskMemory
                0x000000000800ca14       0x34 ./Middlewares/Third_Party/FreeRTOS/Source/CMSIS_RTOS_V2/cmsis_os2.o
                0x000000000800ca14                vApplicationGetIdleTaskMemory
 .text.vApplicationGetTimerTaskMemory
                0x000000000800ca48       0x34 ./Middlewares/Third_Party/FreeRTOS/Source/CMSIS_RTOS_V2/cmsis_os2.o
                0x000000000800ca48                vApplicationGetTimerTaskMemory
 .text.vListInitialise
                0x000000000800ca7c       0x40 ./Middlewares/Third_Party/FreeRTOS/Source/list.o
                0x000000000800ca7c                vListInitialise
 .text.vListInitialiseItem
                0x000000000800cabc       0x1a ./Middlewares/Third_Party/FreeRTOS/Source/list.o
                0x000000000800cabc                vListInitialiseItem
 .text.vListInsertEnd
                0x000000000800cad6       0x48 ./Middlewares/Third_Party/FreeRTOS/Source/list.o
                0x000000000800cad6                vListInsertEnd
 .text.vListInsert
                0x000000000800cb1e       0x72 ./Middlewares/Third_Party/FreeRTOS/Source/list.o
                0x000000000800cb1e                vListInsert
 .text.uxListRemove
                0x000000000800cb90       0x54 ./Middlewares/Third_Party/FreeRTOS/Source/list.o
                0x000000000800cb90                uxListRemove
 .text.xQueueGenericReset
                0x000000000800cbe4       0xd0 ./Middlewares/Third_Party/FreeRTOS/Source/queue.o
                0x000000000800cbe4                xQueueGenericReset
 .text.xQueueGenericCreateStatic
                0x000000000800ccb4       0xf0 ./Middlewares/Third_Party/FreeRTOS/Source/queue.o
                0x000000000800ccb4                xQueueGenericCreateStatic
 .text.prvInitialiseNewQueue
                0x000000000800cda4       0x46 ./Middlewares/Third_Party/FreeRTOS/Source/queue.o
 *fill*         0x000000000800cdea        0x2 
 .text.xQueueGenericSend
                0x000000000800cdec      0x1fc ./Middlewares/Third_Party/FreeRTOS/Source/queue.o
                0x000000000800cdec                xQueueGenericSend
 .text.xQueueGenericSendFromISR
                0x000000000800cfe8      0x136 ./Middlewares/Third_Party/FreeRTOS/Source/queue.o
                0x000000000800cfe8                xQueueGenericSendFromISR
 *fill*         0x000000000800d11e        0x2 
 .text.xQueueReceive
                0x000000000800d120      0x1c0 ./Middlewares/Third_Party/FreeRTOS/Source/queue.o
                0x000000000800d120                xQueueReceive
 .text.prvCopyDataToQueue
                0x000000000800d2e0       0xd4 ./Middlewares/Third_Party/FreeRTOS/Source/queue.o
 .text.prvCopyDataFromQueue
                0x000000000800d3b4       0x4c ./Middlewares/Third_Party/FreeRTOS/Source/queue.o
 .text.prvUnlockQueue
                0x000000000800d400       0xa4 ./Middlewares/Third_Party/FreeRTOS/Source/queue.o
 .text.prvIsQueueEmpty
                0x000000000800d4a4       0x2c ./Middlewares/Third_Party/FreeRTOS/Source/queue.o
 .text.prvIsQueueFull
                0x000000000800d4d0       0x30 ./Middlewares/Third_Party/FreeRTOS/Source/queue.o
 .text.vQueueAddToRegistry
                0x000000000800d500       0x54 ./Middlewares/Third_Party/FreeRTOS/Source/queue.o
                0x000000000800d500                vQueueAddToRegistry
 .text.vQueueWaitForMessageRestricted
                0x000000000800d554       0x68 ./Middlewares/Third_Party/FreeRTOS/Source/queue.o
                0x000000000800d554                vQueueWaitForMessageRestricted
 .text.xTaskCreateStatic
                0x000000000800d5bc       0xba ./Middlewares/Third_Party/FreeRTOS/Source/tasks.o
                0x000000000800d5bc                xTaskCreateStatic
 .text.xTaskCreate
                0x000000000800d676       0x8a ./Middlewares/Third_Party/FreeRTOS/Source/tasks.o
                0x000000000800d676                xTaskCreate
 .text.prvInitialiseNewTask
                0x000000000800d700      0x11e ./Middlewares/Third_Party/FreeRTOS/Source/tasks.o
 *fill*         0x000000000800d81e        0x2 
 .text.prvAddNewTaskToReadyList
                0x000000000800d820       0xe0 ./Middlewares/Third_Party/FreeRTOS/Source/tasks.o
 .text.vTaskDelay
                0x000000000800d900       0x68 ./Middlewares/Third_Party/FreeRTOS/Source/tasks.o
                0x000000000800d900                vTaskDelay
 .text.vTaskStartScheduler
                0x000000000800d968       0xcc ./Middlewares/Third_Party/FreeRTOS/Source/tasks.o
                0x000000000800d968                vTaskStartScheduler
 .text.vTaskSuspendAll
                0x000000000800da34       0x1c ./Middlewares/Third_Party/FreeRTOS/Source/tasks.o
                0x000000000800da34                vTaskSuspendAll
 .text.xTaskResumeAll
                0x000000000800da50      0x13c ./Middlewares/Third_Party/FreeRTOS/Source/tasks.o
                0x000000000800da50                xTaskResumeAll
 .text.xTaskGetTickCount
                0x000000000800db8c       0x20 ./Middlewares/Third_Party/FreeRTOS/Source/tasks.o
                0x000000000800db8c                xTaskGetTickCount
 .text.xTaskIncrementTick
                0x000000000800dbac      0x174 ./Middlewares/Third_Party/FreeRTOS/Source/tasks.o
                0x000000000800dbac                xTaskIncrementTick
 .text.vTaskSwitchContext
                0x000000000800dd20       0xbc ./Middlewares/Third_Party/FreeRTOS/Source/tasks.o
                0x000000000800dd20                vTaskSwitchContext
 .text.vTaskPlaceOnEventList
                0x000000000800dddc       0x48 ./Middlewares/Third_Party/FreeRTOS/Source/tasks.o
                0x000000000800dddc                vTaskPlaceOnEventList
 .text.vTaskPlaceOnEventListRestricted
                0x000000000800de24       0x58 ./Middlewares/Third_Party/FreeRTOS/Source/tasks.o
                0x000000000800de24                vTaskPlaceOnEventListRestricted
 .text.xTaskRemoveFromEventList
                0x000000000800de7c       0xc8 ./Middlewares/Third_Party/FreeRTOS/Source/tasks.o
                0x000000000800de7c                xTaskRemoveFromEventList
 .text.vTaskInternalSetTimeOutState
                0x000000000800df44       0x2c ./Middlewares/Third_Party/FreeRTOS/Source/tasks.o
                0x000000000800df44                vTaskInternalSetTimeOutState
 .text.xTaskCheckForTimeOut
                0x000000000800df70       0xc4 ./Middlewares/Third_Party/FreeRTOS/Source/tasks.o
                0x000000000800df70                xTaskCheckForTimeOut
 .text.vTaskMissedYield
                0x000000000800e034       0x18 ./Middlewares/Third_Party/FreeRTOS/Source/tasks.o
                0x000000000800e034                vTaskMissedYield
 .text.prvIdleTask
                0x000000000800e04c       0x30 ./Middlewares/Third_Party/FreeRTOS/Source/tasks.o
 .text.prvInitialiseTaskLists
                0x000000000800e07c       0x80 ./Middlewares/Third_Party/FreeRTOS/Source/tasks.o
 .text.prvCheckTasksWaitingTermination
                0x000000000800e0fc       0x5c ./Middlewares/Third_Party/FreeRTOS/Source/tasks.o
 .text.prvDeleteTCB
                0x000000000800e158       0x5e ./Middlewares/Third_Party/FreeRTOS/Source/tasks.o
 *fill*         0x000000000800e1b6        0x2 
 .text.prvResetNextTaskUnblockTime
                0x000000000800e1b8       0x40 ./Middlewares/Third_Party/FreeRTOS/Source/tasks.o
 .text.xTaskGetSchedulerState
                0x000000000800e1f8       0x3c ./Middlewares/Third_Party/FreeRTOS/Source/tasks.o
                0x000000000800e1f8                xTaskGetSchedulerState
 .text.xTaskPriorityDisinherit
                0x000000000800e234       0xdc ./Middlewares/Third_Party/FreeRTOS/Source/tasks.o
                0x000000000800e234                xTaskPriorityDisinherit
 .text.prvAddCurrentTaskToDelayedList
                0x000000000800e310       0xa8 ./Middlewares/Third_Party/FreeRTOS/Source/tasks.o
 .text.xTimerCreateTimerTask
                0x000000000800e3b8       0x90 ./Middlewares/Third_Party/FreeRTOS/Source/timers.o
                0x000000000800e3b8                xTimerCreateTimerTask
 .text.xTimerGenericCommand
                0x000000000800e448       0x9c ./Middlewares/Third_Party/FreeRTOS/Source/timers.o
                0x000000000800e448                xTimerGenericCommand
 .text.prvProcessExpiredTimer
                0x000000000800e4e4       0x98 ./Middlewares/Third_Party/FreeRTOS/Source/timers.o
 .text.prvTimerTask
                0x000000000800e57c       0x24 ./Middlewares/Third_Party/FreeRTOS/Source/timers.o
 .text.prvProcessTimerOrBlockTask
                0x000000000800e5a0       0x9c ./Middlewares/Third_Party/FreeRTOS/Source/timers.o
 .text.prvGetNextExpireTime
                0x000000000800e63c       0x48 ./Middlewares/Third_Party/FreeRTOS/Source/timers.o
 .text.prvSampleTimeNow
                0x000000000800e684       0x40 ./Middlewares/Third_Party/FreeRTOS/Source/timers.o
 .text.prvInsertTimerInActiveList
                0x000000000800e6c4       0x84 ./Middlewares/Third_Party/FreeRTOS/Source/timers.o
 .text.prvProcessReceivedCommands
                0x000000000800e748      0x1c4 ./Middlewares/Third_Party/FreeRTOS/Source/timers.o
 .text.prvSwitchTimerLists
                0x000000000800e90c       0xc8 ./Middlewares/Third_Party/FreeRTOS/Source/timers.o
 .text.prvCheckForValidListAndQueue
                0x000000000800e9d4       0x80 ./Middlewares/Third_Party/FreeRTOS/Source/timers.o
 .text.pxPortInitialiseStack
                0x000000000800ea54       0x68 ./Middlewares/Third_Party/FreeRTOS/Source/portable/GCC/ARM_CM4F/port.o
                0x000000000800ea54                pxPortInitialiseStack
 .text.prvTaskExitError
                0x000000000800eabc       0x58 ./Middlewares/Third_Party/FreeRTOS/Source/portable/GCC/ARM_CM4F/port.o
 *fill*         0x000000000800eb14        0xc 
 .text.SVC_Handler
                0x000000000800eb20       0x28 ./Middlewares/Third_Party/FreeRTOS/Source/portable/GCC/ARM_CM4F/port.o
                0x000000000800eb20                SVC_Handler
 .text.prvPortStartFirstTask
                0x000000000800eb48       0x28 ./Middlewares/Third_Party/FreeRTOS/Source/portable/GCC/ARM_CM4F/port.o
 .text.xPortStartScheduler
                0x000000000800eb70      0x144 ./Middlewares/Third_Party/FreeRTOS/Source/portable/GCC/ARM_CM4F/port.o
                0x000000000800eb70                xPortStartScheduler
 .text.vPortEnterCritical
                0x000000000800ecb4       0x60 ./Middlewares/Third_Party/FreeRTOS/Source/portable/GCC/ARM_CM4F/port.o
                0x000000000800ecb4                vPortEnterCritical
 .text.vPortExitCritical
                0x000000000800ed14       0x54 ./Middlewares/Third_Party/FreeRTOS/Source/portable/GCC/ARM_CM4F/port.o
                0x000000000800ed14                vPortExitCritical
 *fill*         0x000000000800ed68        0x8 
 .text.PendSV_Handler
                0x000000000800ed70       0x68 ./Middlewares/Third_Party/FreeRTOS/Source/portable/GCC/ARM_CM4F/port.o
                0x000000000800ed70                PendSV_Handler
 .text.xPortSysTickHandler
                0x000000000800edd8       0x44 ./Middlewares/Third_Party/FreeRTOS/Source/portable/GCC/ARM_CM4F/port.o
                0x000000000800edd8                xPortSysTickHandler
 .text.vPortSetupTimerInterrupt
                0x000000000800ee1c       0x48 ./Middlewares/Third_Party/FreeRTOS/Source/portable/GCC/ARM_CM4F/port.o
                0x000000000800ee1c                vPortSetupTimerInterrupt
 .text.vPortEnableVFP
                0x000000000800ee64       0x14 ./Middlewares/Third_Party/FreeRTOS/Source/portable/GCC/ARM_CM4F/port.o
 .text.vPortValidateInterruptPriority
                0x000000000800ee78       0x80 ./Middlewares/Third_Party/FreeRTOS/Source/portable/GCC/ARM_CM4F/port.o
                0x000000000800ee78                vPortValidateInterruptPriority
 .text.pvPortMalloc
                0x000000000800eef8      0x198 ./Middlewares/Third_Party/FreeRTOS/Source/portable/MemMang/heap_4.o
                0x000000000800eef8                pvPortMalloc
 .text.vPortFree
                0x000000000800f090       0xc4 ./Middlewares/Third_Party/FreeRTOS/Source/portable/MemMang/heap_4.o
                0x000000000800f090                vPortFree
 .text.prvHeapInit
                0x000000000800f154       0xc4 ./Middlewares/Third_Party/FreeRTOS/Source/portable/MemMang/heap_4.o
 .text.prvInsertBlockIntoFreeList
                0x000000000800f218       0xb4 ./Middlewares/Third_Party/FreeRTOS/Source/portable/MemMang/heap_4.o
 .text.__assert_func
                0x000000000800f2cc       0x3c C:/ST/STM32CubeIDE_1.13.2/STM32CubeIDE/plugins/com.st.stm32cube.ide.mcu.externaltools.gnu-tools-for-stm32.11.3.rel1.win32_1.1.1.202309131626/tools/bin/../lib/gcc/arm-none-eabi/11.3.1/../../../../arm-none-eabi/lib/thumb/v7e-m+fp/hard\libc_nano.a(libc_a-assert.o)
                0x000000000800f2cc                __assert_func
 .text.__cvt    0x000000000800f308       0xc4 C:/ST/STM32CubeIDE_1.13.2/STM32CubeIDE/plugins/com.st.stm32cube.ide.mcu.externaltools.gnu-tools-for-stm32.11.3.rel1.win32_1.1.1.202309131626/tools/bin/../lib/gcc/arm-none-eabi/11.3.1/../../../../arm-none-eabi/lib/thumb/v7e-m+fp/hard\libc_nano.a(libc_a-nano-vfprintf_float.o)
                0x000000000800f308                __cvt
 .text.__exponent
                0x000000000800f3cc       0x7c C:/ST/STM32CubeIDE_1.13.2/STM32CubeIDE/plugins/com.st.stm32cube.ide.mcu.externaltools.gnu-tools-for-stm32.11.3.rel1.win32_1.1.1.202309131626/tools/bin/../lib/gcc/arm-none-eabi/11.3.1/../../../../arm-none-eabi/lib/thumb/v7e-m+fp/hard\libc_nano.a(libc_a-nano-vfprintf_float.o)
                0x000000000800f3cc                __exponent
 .text._printf_float
                0x000000000800f448      0x46c C:/ST/STM32CubeIDE_1.13.2/STM32CubeIDE/plugins/com.st.stm32cube.ide.mcu.externaltools.gnu-tools-for-stm32.11.3.rel1.win32_1.1.1.202309131626/tools/bin/../lib/gcc/arm-none-eabi/11.3.1/../../../../arm-none-eabi/lib/thumb/v7e-m+fp/hard\libc_nano.a(libc_a-nano-vfprintf_float.o)
                0x000000000800f448                _printf_float
 .text._printf_common
                0x000000000800f8b4       0xda C:/ST/STM32CubeIDE_1.13.2/STM32CubeIDE/plugins/com.st.stm32cube.ide.mcu.externaltools.gnu-tools-for-stm32.11.3.rel1.win32_1.1.1.202309131626/tools/bin/../lib/gcc/arm-none-eabi/11.3.1/../../../../arm-none-eabi/lib/thumb/v7e-m+fp/hard\libc_nano.a(libc_a-nano-vfprintf_i.o)
                0x000000000800f8b4                _printf_common
 *fill*         0x000000000800f98e        0x2 
 .text._printf_i
                0x000000000800f990      0x244 C:/ST/STM32CubeIDE_1.13.2/STM32CubeIDE/plugins/com.st.stm32cube.ide.mcu.externaltools.gnu-tools-for-stm32.11.3.rel1.win32_1.1.1.202309131626/tools/bin/../lib/gcc/arm-none-eabi/11.3.1/../../../../arm-none-eabi/lib/thumb/v7e-m+fp/hard\libc_nano.a(libc_a-nano-vfprintf_i.o)
                0x000000000800f990                _printf_i
 .text._scanf_float
                0x000000000800fbd4      0x420 C:/ST/STM32CubeIDE_1.13.2/STM32CubeIDE/plugins/com.st.stm32cube.ide.mcu.externaltools.gnu-tools-for-stm32.11.3.rel1.win32_1.1.1.202309131626/tools/bin/../lib/gcc/arm-none-eabi/11.3.1/../../../../arm-none-eabi/lib/thumb/v7e-m+fp/hard\libc_nano.a(libc_a-nano-vfscanf_float.o)
                0x000000000800fbd4                _scanf_float
 .text.std      0x000000000800fff4       0x6c C:/ST/STM32CubeIDE_1.13.2/STM32CubeIDE/plugins/com.st.stm32cube.ide.mcu.externaltools.gnu-tools-for-stm32.11.3.rel1.win32_1.1.1.202309131626/tools/bin/../lib/gcc/arm-none-eabi/11.3.1/../../../../arm-none-eabi/lib/thumb/v7e-m+fp/hard\libc_nano.a(libc_a-findfp.o)
 .text.stdio_exit_handler
                0x0000000008010060       0x18 C:/ST/STM32CubeIDE_1.13.2/STM32CubeIDE/plugins/com.st.stm32cube.ide.mcu.externaltools.gnu-tools-for-stm32.11.3.rel1.win32_1.1.1.202309131626/tools/bin/../lib/gcc/arm-none-eabi/11.3.1/../../../../arm-none-eabi/lib/thumb/v7e-m+fp/hard\libc_nano.a(libc_a-findfp.o)
 .text.cleanup_stdio
                0x0000000008010078       0x40 C:/ST/STM32CubeIDE_1.13.2/STM32CubeIDE/plugins/com.st.stm32cube.ide.mcu.externaltools.gnu-tools-for-stm32.11.3.rel1.win32_1.1.1.202309131626/tools/bin/../lib/gcc/arm-none-eabi/11.3.1/../../../../arm-none-eabi/lib/thumb/v7e-m+fp/hard\libc_nano.a(libc_a-findfp.o)
 .text.global_stdio_init.part.0
                0x00000000080100b8       0x3c C:/ST/STM32CubeIDE_1.13.2/STM32CubeIDE/plugins/com.st.stm32cube.ide.mcu.externaltools.gnu-tools-for-stm32.11.3.rel1.win32_1.1.1.202309131626/tools/bin/../lib/gcc/arm-none-eabi/11.3.1/../../../../arm-none-eabi/lib/thumb/v7e-m+fp/hard\libc_nano.a(libc_a-findfp.o)
 .text.__sfp_lock_acquire
                0x00000000080100f4        0xc C:/ST/STM32CubeIDE_1.13.2/STM32CubeIDE/plugins/com.st.stm32cube.ide.mcu.externaltools.gnu-tools-for-stm32.11.3.rel1.win32_1.1.1.202309131626/tools/bin/../lib/gcc/arm-none-eabi/11.3.1/../../../../arm-none-eabi/lib/thumb/v7e-m+fp/hard\libc_nano.a(libc_a-findfp.o)
                0x00000000080100f4                __sfp_lock_acquire
 .text.__sfp_lock_release
                0x0000000008010100        0xc C:/ST/STM32CubeIDE_1.13.2/STM32CubeIDE/plugins/com.st.stm32cube.ide.mcu.externaltools.gnu-tools-for-stm32.11.3.rel1.win32_1.1.1.202309131626/tools/bin/../lib/gcc/arm-none-eabi/11.3.1/../../../../arm-none-eabi/lib/thumb/v7e-m+fp/hard\libc_nano.a(libc_a-findfp.o)
                0x0000000008010100                __sfp_lock_release
 .text.__sinit  0x000000000801010c       0x30 C:/ST/STM32CubeIDE_1.13.2/STM32CubeIDE/plugins/com.st.stm32cube.ide.mcu.externaltools.gnu-tools-for-stm32.11.3.rel1.win32_1.1.1.202309131626/tools/bin/../lib/gcc/arm-none-eabi/11.3.1/../../../../arm-none-eabi/lib/thumb/v7e-m+fp/hard\libc_nano.a(libc_a-findfp.o)
                0x000000000801010c                __sinit
 .text.fprintf  0x000000000801013c       0x24 C:/ST/STM32CubeIDE_1.13.2/STM32CubeIDE/plugins/com.st.stm32cube.ide.mcu.externaltools.gnu-tools-for-stm32.11.3.rel1.win32_1.1.1.202309131626/tools/bin/../lib/gcc/arm-none-eabi/11.3.1/../../../../arm-none-eabi/lib/thumb/v7e-m+fp/hard\libc_nano.a(libc_a-fprintf.o)
                0x000000000801013c                fiprintf
                0x000000000801013c                fprintf
 .text._fwalk_sglue
                0x0000000008010160       0x3c C:/ST/STM32CubeIDE_1.13.2/STM32CubeIDE/plugins/com.st.stm32cube.ide.mcu.externaltools.gnu-tools-for-stm32.11.3.rel1.win32_1.1.1.202309131626/tools/bin/../lib/gcc/arm-none-eabi/11.3.1/../../../../arm-none-eabi/lib/thumb/v7e-m+fp/hard\libc_nano.a(libc_a-fwalk.o)
                0x0000000008010160                _fwalk_sglue
 .text.printf   0x000000000801019c       0x24 C:/ST/STM32CubeIDE_1.13.2/STM32CubeIDE/plugins/com.st.stm32cube.ide.mcu.externaltools.gnu-tools-for-stm32.11.3.rel1.win32_1.1.1.202309131626/tools/bin/../lib/gcc/arm-none-eabi/11.3.1/../../../../arm-none-eabi/lib/thumb/v7e-m+fp/hard\libc_nano.a(libc_a-printf.o)
                0x000000000801019c                iprintf
                0x000000000801019c                printf
 .text._puts_r  0x00000000080101c0       0xa8 C:/ST/STM32CubeIDE_1.13.2/STM32CubeIDE/plugins/com.st.stm32cube.ide.mcu.externaltools.gnu-tools-for-stm32.11.3.rel1.win32_1.1.1.202309131626/tools/bin/../lib/gcc/arm-none-eabi/11.3.1/../../../../arm-none-eabi/lib/thumb/v7e-m+fp/hard\libc_nano.a(libc_a-puts.o)
                0x00000000080101c0                _puts_r
 .text.puts     0x0000000008010268       0x10 C:/ST/STM32CubeIDE_1.13.2/STM32CubeIDE/plugins/com.st.stm32cube.ide.mcu.externaltools.gnu-tools-for-stm32.11.3.rel1.win32_1.1.1.202309131626/tools/bin/../lib/gcc/arm-none-eabi/11.3.1/../../../../arm-none-eabi/lib/thumb/v7e-m+fp/hard\libc_nano.a(libc_a-puts.o)
                0x0000000008010268                puts
 .text.sprintf  0x0000000008010278       0x40 C:/ST/STM32CubeIDE_1.13.2/STM32CubeIDE/plugins/com.st.stm32cube.ide.mcu.externaltools.gnu-tools-for-stm32.11.3.rel1.win32_1.1.1.202309131626/tools/bin/../lib/gcc/arm-none-eabi/11.3.1/../../../../arm-none-eabi/lib/thumb/v7e-m+fp/hard\libc_nano.a(libc_a-sprintf.o)
                0x0000000008010278                siprintf
                0x0000000008010278                sprintf
 .text.__sread  0x00000000080102b8       0x22 C:/ST/STM32CubeIDE_1.13.2/STM32CubeIDE/plugins/com.st.stm32cube.ide.mcu.externaltools.gnu-tools-for-stm32.11.3.rel1.win32_1.1.1.202309131626/tools/bin/../lib/gcc/arm-none-eabi/11.3.1/../../../../arm-none-eabi/lib/thumb/v7e-m+fp/hard\libc_nano.a(libc_a-stdio.o)
                0x00000000080102b8                __sread
 .text.__swrite
                0x00000000080102da       0x38 C:/ST/STM32CubeIDE_1.13.2/STM32CubeIDE/plugins/com.st.stm32cube.ide.mcu.externaltools.gnu-tools-for-stm32.11.3.rel1.win32_1.1.1.202309131626/tools/bin/../lib/gcc/arm-none-eabi/11.3.1/../../../../arm-none-eabi/lib/thumb/v7e-m+fp/hard\libc_nano.a(libc_a-stdio.o)
                0x00000000080102da                __swrite
 .text.__sseek  0x0000000008010312       0x24 C:/ST/STM32CubeIDE_1.13.2/STM32CubeIDE/plugins/com.st.stm32cube.ide.mcu.externaltools.gnu-tools-for-stm32.11.3.rel1.win32_1.1.1.202309131626/tools/bin/../lib/gcc/arm-none-eabi/11.3.1/../../../../arm-none-eabi/lib/thumb/v7e-m+fp/hard\libc_nano.a(libc_a-stdio.o)
                0x0000000008010312                __sseek
 .text.__sclose
                0x0000000008010336        0x8 C:/ST/STM32CubeIDE_1.13.2/STM32CubeIDE/plugins/com.st.stm32cube.ide.mcu.externaltools.gnu-tools-for-stm32.11.3.rel1.win32_1.1.1.202309131626/tools/bin/../lib/gcc/arm-none-eabi/11.3.1/../../../../arm-none-eabi/lib/thumb/v7e-m+fp/hard\libc_nano.a(libc_a-stdio.o)
                0x0000000008010336                __sclose
 .text.__swbuf_r
                0x000000000801033e       0x7a C:/ST/STM32CubeIDE_1.13.2/STM32CubeIDE/plugins/com.st.stm32cube.ide.mcu.externaltools.gnu-tools-for-stm32.11.3.rel1.win32_1.1.1.202309131626/tools/bin/../lib/gcc/arm-none-eabi/11.3.1/../../../../arm-none-eabi/lib/thumb/v7e-m+fp/hard\libc_nano.a(libc_a-wbuf.o)
                0x000000000801033e                __swbuf_r
 .text.__swsetup_r
                0x00000000080103b8       0xb0 C:/ST/STM32CubeIDE_1.13.2/STM32CubeIDE/plugins/com.st.stm32cube.ide.mcu.externaltools.gnu-tools-for-stm32.11.3.rel1.win32_1.1.1.202309131626/tools/bin/../lib/gcc/arm-none-eabi/11.3.1/../../../../arm-none-eabi/lib/thumb/v7e-m+fp/hard\libc_nano.a(libc_a-wsetup.o)
                0x00000000080103b8                __swsetup_r
 .text.memcmp   0x0000000008010468       0x20 C:/ST/STM32CubeIDE_1.13.2/STM32CubeIDE/plugins/com.st.stm32cube.ide.mcu.externaltools.gnu-tools-for-stm32.11.3.rel1.win32_1.1.1.202309131626/tools/bin/../lib/gcc/arm-none-eabi/11.3.1/../../../../arm-none-eabi/lib/thumb/v7e-m+fp/hard\libc_nano.a(libc_a-memcmp.o)
                0x0000000008010468                memcmp
 .text.memmove  0x0000000008010488       0x34 C:/ST/STM32CubeIDE_1.13.2/STM32CubeIDE/plugins/com.st.stm32cube.ide.mcu.externaltools.gnu-tools-for-stm32.11.3.rel1.win32_1.1.1.202309131626/tools/bin/../lib/gcc/arm-none-eabi/11.3.1/../../../../arm-none-eabi/lib/thumb/v7e-m+fp/hard\libc_nano.a(libc_a-memmove.o)
                0x0000000008010488                memmove
 .text.memset   0x00000000080104bc       0x10 C:/ST/STM32CubeIDE_1.13.2/STM32CubeIDE/plugins/com.st.stm32cube.ide.mcu.externaltools.gnu-tools-for-stm32.11.3.rel1.win32_1.1.1.202309131626/tools/bin/../lib/gcc/arm-none-eabi/11.3.1/../../../../arm-none-eabi/lib/thumb/v7e-m+fp/hard\libc_nano.a(libc_a-memset.o)
                0x00000000080104bc                memset
 .text.strncmp  0x00000000080104cc       0x24 C:/ST/STM32CubeIDE_1.13.2/STM32CubeIDE/plugins/com.st.stm32cube.ide.mcu.externaltools.gnu-tools-for-stm32.11.3.rel1.win32_1.1.1.202309131626/tools/bin/../lib/gcc/arm-none-eabi/11.3.1/../../../../arm-none-eabi/lib/thumb/v7e-m+fp/hard\libc_nano.a(libc_a-strncmp.o)
                0x00000000080104cc                strncmp
 .text.strncpy  0x00000000080104f0       0x26 C:/ST/STM32CubeIDE_1.13.2/STM32CubeIDE/plugins/com.st.stm32cube.ide.mcu.externaltools.gnu-tools-for-stm32.11.3.rel1.win32_1.1.1.202309131626/tools/bin/../lib/gcc/arm-none-eabi/11.3.1/../../../../arm-none-eabi/lib/thumb/v7e-m+fp/hard\libc_nano.a(libc_a-strncpy.o)
                0x00000000080104f0                strncpy
 *fill*         0x0000000008010516        0x2 
 .text.strtok   0x0000000008010518       0x68 C:/ST/STM32CubeIDE_1.13.2/STM32CubeIDE/plugins/com.st.stm32cube.ide.mcu.externaltools.gnu-tools-for-stm32.11.3.rel1.win32_1.1.1.202309131626/tools/bin/../lib/gcc/arm-none-eabi/11.3.1/../../../../arm-none-eabi/lib/thumb/v7e-m+fp/hard\libc_nano.a(libc_a-strtok.o)
                0x0000000008010518                strtok
 .text.__strtok_r
                0x0000000008010580       0x50 C:/ST/STM32CubeIDE_1.13.2/STM32CubeIDE/plugins/com.st.stm32cube.ide.mcu.externaltools.gnu-tools-for-stm32.11.3.rel1.win32_1.1.1.202309131626/tools/bin/../lib/gcc/arm-none-eabi/11.3.1/../../../../arm-none-eabi/lib/thumb/v7e-m+fp/hard\libc_nano.a(libc_a-strtok_r.o)
                0x0000000008010580                __strtok_r
 .text.strstr   0x00000000080105d0       0x2c C:/ST/STM32CubeIDE_1.13.2/STM32CubeIDE/plugins/com.st.stm32cube.ide.mcu.externaltools.gnu-tools-for-stm32.11.3.rel1.win32_1.1.1.202309131626/tools/bin/../lib/gcc/arm-none-eabi/11.3.1/../../../../arm-none-eabi/lib/thumb/v7e-m+fp/hard\libc_nano.a(libc_a-strstr.o)
                0x00000000080105d0                strstr
 .text._localeconv_r
                0x00000000080105fc        0x8 C:/ST/STM32CubeIDE_1.13.2/STM32CubeIDE/plugins/com.st.stm32cube.ide.mcu.externaltools.gnu-tools-for-stm32.11.3.rel1.win32_1.1.1.202309131626/tools/bin/../lib/gcc/arm-none-eabi/11.3.1/../../../../arm-none-eabi/lib/thumb/v7e-m+fp/hard\libc_nano.a(libc_a-localeconv.o)
                0x00000000080105fc                _localeconv_r
 .text._close_r
                0x0000000008010604       0x20 C:/ST/STM32CubeIDE_1.13.2/STM32CubeIDE/plugins/com.st.stm32cube.ide.mcu.externaltools.gnu-tools-for-stm32.11.3.rel1.win32_1.1.1.202309131626/tools/bin/../lib/gcc/arm-none-eabi/11.3.1/../../../../arm-none-eabi/lib/thumb/v7e-m+fp/hard\libc_nano.a(libc_a-closer.o)
                0x0000000008010604                _close_r
 .text._lseek_r
                0x0000000008010624       0x24 C:/ST/STM32CubeIDE_1.13.2/STM32CubeIDE/plugins/com.st.stm32cube.ide.mcu.externaltools.gnu-tools-for-stm32.11.3.rel1.win32_1.1.1.202309131626/tools/bin/../lib/gcc/arm-none-eabi/11.3.1/../../../../arm-none-eabi/lib/thumb/v7e-m+fp/hard\libc_nano.a(libc_a-lseekr.o)
                0x0000000008010624                _lseek_r
 .text._read_r  0x0000000008010648       0x24 C:/ST/STM32CubeIDE_1.13.2/STM32CubeIDE/plugins/com.st.stm32cube.ide.mcu.externaltools.gnu-tools-for-stm32.11.3.rel1.win32_1.1.1.202309131626/tools/bin/../lib/gcc/arm-none-eabi/11.3.1/../../../../arm-none-eabi/lib/thumb/v7e-m+fp/hard\libc_nano.a(libc_a-readr.o)
                0x0000000008010648                _read_r
 .text._write_r
                0x000000000801066c       0x24 C:/ST/STM32CubeIDE_1.13.2/STM32CubeIDE/plugins/com.st.stm32cube.ide.mcu.externaltools.gnu-tools-for-stm32.11.3.rel1.win32_1.1.1.202309131626/tools/bin/../lib/gcc/arm-none-eabi/11.3.1/../../../../arm-none-eabi/lib/thumb/v7e-m+fp/hard\libc_nano.a(libc_a-writer.o)
                0x000000000801066c                _write_r
 .text.__errno  0x0000000008010690        0xc C:/ST/STM32CubeIDE_1.13.2/STM32CubeIDE/plugins/com.st.stm32cube.ide.mcu.externaltools.gnu-tools-for-stm32.11.3.rel1.win32_1.1.1.202309131626/tools/bin/../lib/gcc/arm-none-eabi/11.3.1/../../../../arm-none-eabi/lib/thumb/v7e-m+fp/hard\libc_nano.a(libc_a-errno.o)
                0x0000000008010690                __errno
 .text.__libc_init_array
                0x000000000801069c       0x48 C:/ST/STM32CubeIDE_1.13.2/STM32CubeIDE/plugins/com.st.stm32cube.ide.mcu.externaltools.gnu-tools-for-stm32.11.3.rel1.win32_1.1.1.202309131626/tools/bin/../lib/gcc/arm-none-eabi/11.3.1/../../../../arm-none-eabi/lib/thumb/v7e-m+fp/hard\libc_nano.a(libc_a-init.o)
                0x000000000801069c                __libc_init_array
 .text.__retarget_lock_init_recursive
                0x00000000080106e4        0x2 C:/ST/STM32CubeIDE_1.13.2/STM32CubeIDE/plugins/com.st.stm32cube.ide.mcu.externaltools.gnu-tools-for-stm32.11.3.rel1.win32_1.1.1.202309131626/tools/bin/../lib/gcc/arm-none-eabi/11.3.1/../../../../arm-none-eabi/lib/thumb/v7e-m+fp/hard\libc_nano.a(libc_a-lock.o)
                0x00000000080106e4                __retarget_lock_init_recursive
 .text.__retarget_lock_acquire_recursive
                0x00000000080106e6        0x2 C:/ST/STM32CubeIDE_1.13.2/STM32CubeIDE/plugins/com.st.stm32cube.ide.mcu.externaltools.gnu-tools-for-stm32.11.3.rel1.win32_1.1.1.202309131626/tools/bin/../lib/gcc/arm-none-eabi/11.3.1/../../../../arm-none-eabi/lib/thumb/v7e-m+fp/hard\libc_nano.a(libc_a-lock.o)
                0x00000000080106e6                __retarget_lock_acquire_recursive
 .text.__retarget_lock_release_recursive
                0x00000000080106e8        0x2 C:/ST/STM32CubeIDE_1.13.2/STM32CubeIDE/plugins/com.st.stm32cube.ide.mcu.externaltools.gnu-tools-for-stm32.11.3.rel1.win32_1.1.1.202309131626/tools/bin/../lib/gcc/arm-none-eabi/11.3.1/../../../../arm-none-eabi/lib/thumb/v7e-m+fp/hard\libc_nano.a(libc_a-lock.o)
                0x00000000080106e8                __retarget_lock_release_recursive
 .text.memcpy   0x00000000080106ea       0x1c C:/ST/STM32CubeIDE_1.13.2/STM32CubeIDE/plugins/com.st.stm32cube.ide.mcu.externaltools.gnu-tools-for-stm32.11.3.rel1.win32_1.1.1.202309131626/tools/bin/../lib/gcc/arm-none-eabi/11.3.1/../../../../arm-none-eabi/lib/thumb/v7e-m+fp/hard\libc_nano.a(libc_a-memcpy-stub.o)
                0x00000000080106ea                memcpy
 *fill*         0x0000000008010706        0x2 
 .text.nanf     0x0000000008010708        0xc C:/ST/STM32CubeIDE_1.13.2/STM32CubeIDE/plugins/com.st.stm32cube.ide.mcu.externaltools.gnu-tools-for-stm32.11.3.rel1.win32_1.1.1.202309131626/tools/bin/../lib/gcc/arm-none-eabi/11.3.1/../../../../arm-none-eabi/lib/thumb/v7e-m+fp/hard\libc_nano.a(libm_a-sf_nan.o)
                0x0000000008010708                nanf
 .text.abort    0x0000000008010714        0xe C:/ST/STM32CubeIDE_1.13.2/STM32CubeIDE/plugins/com.st.stm32cube.ide.mcu.externaltools.gnu-tools-for-stm32.11.3.rel1.win32_1.1.1.202309131626/tools/bin/../lib/gcc/arm-none-eabi/11.3.1/../../../../arm-none-eabi/lib/thumb/v7e-m+fp/hard\libc_nano.a(libc_a-abort.o)
                0x0000000008010714                abort