../Libraries/coreMQTT/source/core_mqtt_state.c:235:13:validateTransitionPublish	24	static
../Libraries/coreMQTT/source/core_mqtt_state.c:311:13:validateTransitionAck	24	static
../Libraries/coreMQTT/source/core_mqtt_state.c:420:13:isPublishOutgoing	24	static
../Libraries/coreMQTT/source/core_mqtt_state.c:447:15:findInRecord	32	static
../Libraries/coreMQTT/source/core_mqtt_state.c:479:13:compactRecords	24	static
../Libraries/coreMQTT/source/core_mqtt_state.c:521:21:addRecord	40	static
../Libraries/coreMQTT/source/core_mqtt_state.c:588:13:updateRecord	24	static
../Libraries/coreMQTT/source/core_mqtt_state.c:610:17:stateSelect	40	static
../Libraries/coreMQTT/source/core_mqtt_state.c:658:20:MQTT_CalculateStateAck	24	static
../Libraries/coreMQTT/source/core_mqtt_state.c:707:21:updateStateAck	40	static
../Libraries/coreMQTT/source/core_mqtt_state.c:768:21:updateStatePublish	48	static
../Libraries/coreMQTT/source/core_mqtt_state.c:826:14:MQTT_ReserveState	40	static
../Libraries/coreMQTT/source/core_mqtt_state.c:855:20:MQTT_CalculateStatePublish	24	static
../Libraries/coreMQTT/source/core_mqtt_state.c:884:14:MQTT_UpdateStatePublish	56	static
../Libraries/coreMQTT/source/core_mqtt_state.c:958:14:MQTT_RemoveStateRecord	40	static
../Libraries/coreMQTT/source/core_mqtt_state.c:1006:14:MQTT_UpdateStateAck	48	static
../Libraries/coreMQTT/source/core_mqtt_state.c:1088:10:MQTT_PubrelToResend	32	static
../Libraries/coreMQTT/source/core_mqtt_state.c:1124:10:MQTT_PublishToResend	24	static
../Libraries/coreMQTT/source/core_mqtt_state.c:1154:14:MQTT_State_strerror	24	static
