../Libraries/coreMQTT/source/core_mqtt_serializer.c:452:15:remainingLengthEncodedSize	24	static
../Libraries/coreMQTT/source/core_mqtt_serializer.c:489:18:encodeRemainingLength	32	static
../Libraries/coreMQTT/source/core_mqtt_serializer.c:522:18:encodeString	32	static
../Libraries/coreMQTT/source/core_mqtt_serializer.c:558:13:calculatePublishPacketSize	40	static
../Libraries/coreMQTT/source/core_mqtt_serializer.c:637:14:MQTT_SerializePublishHeaderWithoutTopic	40	static
../Libraries/coreMQTT/source/core_mqtt_serializer.c:705:13:serializePublishCommon	40	static
../Libraries/coreMQTT/source/core_mqtt_serializer.c:800:15:getRemainingLength	40	static
../Libraries/coreMQTT/source/core_mqtt_serializer.c:852:21:processRemainingLength	48	static
../Libraries/coreMQTT/source/core_mqtt_serializer.c:923:13:incomingPacketValid	24	static
../Libraries/coreMQTT/source/core_mqtt_serializer.c:964:21:checkPublishRemainingLength	32	static
../Libraries/coreMQTT/source/core_mqtt_serializer.c:1001:21:processPublishFlags	24	static
../Libraries/coreMQTT/source/core_mqtt_serializer.c:1054:13:logConnackResponse	48	static
../Libraries/coreMQTT/source/core_mqtt_serializer.c:1086:21:deserializeConnack	24	static
../Libraries/coreMQTT/source/core_mqtt_serializer.c:1169:21:calculateSubscriptionPacketSize	40	static
../Libraries/coreMQTT/source/core_mqtt_serializer.c:1247:21:readSubackStatus	32	static
../Libraries/coreMQTT/source/core_mqtt_serializer.c:1304:21:deserializeSuback	32	static
../Libraries/coreMQTT/source/core_mqtt_serializer.c:1348:21:validateSubscriptionSerializeParams	32	static
../Libraries/coreMQTT/source/core_mqtt_serializer.c:1405:21:deserializePublish	40	static
../Libraries/coreMQTT/source/core_mqtt_serializer.c:1499:21:deserializeSimpleAck	24	static
../Libraries/coreMQTT/source/core_mqtt_serializer.c:1536:21:deserializePingresp	24	static
../Libraries/coreMQTT/source/core_mqtt_serializer.c:1554:11:MQTT_SerializeConnectFixedHeader	32	static
../Libraries/coreMQTT/source/core_mqtt_serializer.c:1633:13:serializeConnectPacket	32	static
../Libraries/coreMQTT/source/core_mqtt_serializer.c:1691:14:MQTT_GetConnectPacketSize	40	static
../Libraries/coreMQTT/source/core_mqtt_serializer.c:1791:14:MQTT_SerializeConnect	32	static
../Libraries/coreMQTT/source/core_mqtt_serializer.c:1849:14:MQTT_GetSubscribePacketSize	40	static
../Libraries/coreMQTT/source/core_mqtt_serializer.c:1887:11:MQTT_SerializeSubscribeHeader	32	static
../Libraries/coreMQTT/source/core_mqtt_serializer.c:1911:11:MQTT_SerializeUnsubscribeHeader	32	static
../Libraries/coreMQTT/source/core_mqtt_serializer.c:1933:14:MQTT_SerializeSubscribe	48	static
../Libraries/coreMQTT/source/core_mqtt_serializer.c:1979:14:MQTT_GetUnsubscribePacketSize	40	static
../Libraries/coreMQTT/source/core_mqtt_serializer.c:2017:14:MQTT_SerializeUnsubscribe	48	static
../Libraries/coreMQTT/source/core_mqtt_serializer.c:2058:14:MQTT_GetPublishPacketSize	32	static
../Libraries/coreMQTT/source/core_mqtt_serializer.c:2099:14:MQTT_SerializePublish	40	static
../Libraries/coreMQTT/source/core_mqtt_serializer.c:2184:14:MQTT_SerializePublishHeader	40	static
../Libraries/coreMQTT/source/core_mqtt_serializer.c:2267:14:MQTT_SerializeAck	24	static
../Libraries/coreMQTT/source/core_mqtt_serializer.c:2322:14:MQTT_GetDisconnectPacketSize	24	static
../Libraries/coreMQTT/source/core_mqtt_serializer.c:2342:14:MQTT_SerializeDisconnect	24	static
../Libraries/coreMQTT/source/core_mqtt_serializer.c:2385:14:MQTT_GetPingreqPacketSize	24	static
../Libraries/coreMQTT/source/core_mqtt_serializer.c:2405:14:MQTT_SerializePingreq	24	static
../Libraries/coreMQTT/source/core_mqtt_serializer.c:2448:14:MQTT_DeserializePublish	32	static
../Libraries/coreMQTT/source/core_mqtt_serializer.c:2485:14:MQTT_DeserializeAck	32	static
../Libraries/coreMQTT/source/core_mqtt_serializer.c:2562:14:MQTT_GetIncomingPacketTypeAndLength	32	static
../Libraries/coreMQTT/source/core_mqtt_serializer.c:2627:14:MQTT_ProcessIncomingPacketTypeAndLength	32	static
